<?xml version="1.0" encoding="ISO-8859-1" ?>
<link_info>
   <banner>MSP430 Linker Unix v21.6.1.LTS</banner>
   <copyright>Copyright (c) 2003-2018 Texas Instruments Incorporated</copyright>
   <link_time>0x68ff2bf5</link_time>
   <link_errors>0x0</link_errors>
   <output_file>LAB08B.out</output_file>
   <entry_point>
      <name>_c_int00_noargs_mpu</name>
      <address>0x456c</address>
   </entry_point>
   <input_file_list>
      <input_file id="fl-2">
         <path>./</path>
         <kind>object</kind>
         <file>main.obj</file>
         <name>main.obj</name>
      </input_file>
      <input_file id="fl-3">
         <path>./</path>
         <kind>object</kind>
         <file>myClocksWithCrystals.obj</file>
         <name>myClocksWithCrystals.obj</name>
      </input_file>
      <input_file id="fl-4">
         <path>./</path>
         <kind>object</kind>
         <file>myGpio.obj</file>
         <name>myGpio.obj</name>
      </input_file>
      <input_file id="fl-5">
         <path>./</path>
         <kind>object</kind>
         <file>myLcd.obj</file>
         <name>myLcd.obj</name>
      </input_file>
      <input_file id="fl-6">
         <path>./driverlib/MSP430FR5xx_6xx/</path>
         <kind>object</kind>
         <file>adc12_b.obj</file>
         <name>adc12_b.obj</name>
      </input_file>
      <input_file id="fl-7">
         <path>./driverlib/MSP430FR5xx_6xx/</path>
         <kind>object</kind>
         <file>aes256.obj</file>
         <name>aes256.obj</name>
      </input_file>
      <input_file id="fl-8">
         <path>./driverlib/MSP430FR5xx_6xx/</path>
         <kind>object</kind>
         <file>comp_e.obj</file>
         <name>comp_e.obj</name>
      </input_file>
      <input_file id="fl-9">
         <path>./driverlib/MSP430FR5xx_6xx/</path>
         <kind>object</kind>
         <file>crc.obj</file>
         <name>crc.obj</name>
      </input_file>
      <input_file id="fl-a">
         <path>./driverlib/MSP430FR5xx_6xx/</path>
         <kind>object</kind>
         <file>crc32.obj</file>
         <name>crc32.obj</name>
      </input_file>
      <input_file id="fl-b">
         <path>./driverlib/MSP430FR5xx_6xx/</path>
         <kind>object</kind>
         <file>cs.obj</file>
         <name>cs.obj</name>
      </input_file>
      <input_file id="fl-c">
         <path>./driverlib/MSP430FR5xx_6xx/</path>
         <kind>object</kind>
         <file>dma.obj</file>
         <name>dma.obj</name>
      </input_file>
      <input_file id="fl-d">
         <path>./driverlib/MSP430FR5xx_6xx/</path>
         <kind>object</kind>
         <file>esi.obj</file>
         <name>esi.obj</name>
      </input_file>
      <input_file id="fl-e">
         <path>./driverlib/MSP430FR5xx_6xx/</path>
         <kind>object</kind>
         <file>eusci_a_spi.obj</file>
         <name>eusci_a_spi.obj</name>
      </input_file>
      <input_file id="fl-f">
         <path>./driverlib/MSP430FR5xx_6xx/</path>
         <kind>object</kind>
         <file>eusci_a_uart.obj</file>
         <name>eusci_a_uart.obj</name>
      </input_file>
      <input_file id="fl-10">
         <path>./driverlib/MSP430FR5xx_6xx/</path>
         <kind>object</kind>
         <file>eusci_b_i2c.obj</file>
         <name>eusci_b_i2c.obj</name>
      </input_file>
      <input_file id="fl-11">
         <path>./driverlib/MSP430FR5xx_6xx/</path>
         <kind>object</kind>
         <file>eusci_b_spi.obj</file>
         <name>eusci_b_spi.obj</name>
      </input_file>
      <input_file id="fl-12">
         <path>./driverlib/MSP430FR5xx_6xx/</path>
         <kind>object</kind>
         <file>framctl.obj</file>
         <name>framctl.obj</name>
      </input_file>
      <input_file id="fl-13">
         <path>./driverlib/MSP430FR5xx_6xx/</path>
         <kind>object</kind>
         <file>gpio.obj</file>
         <name>gpio.obj</name>
      </input_file>
      <input_file id="fl-14">
         <path>./driverlib/MSP430FR5xx_6xx/</path>
         <kind>object</kind>
         <file>lcd_c.obj</file>
         <name>lcd_c.obj</name>
      </input_file>
      <input_file id="fl-15">
         <path>./driverlib/MSP430FR5xx_6xx/</path>
         <kind>object</kind>
         <file>mpu.obj</file>
         <name>mpu.obj</name>
      </input_file>
      <input_file id="fl-16">
         <path>./driverlib/MSP430FR5xx_6xx/</path>
         <kind>object</kind>
         <file>mpy32.obj</file>
         <name>mpy32.obj</name>
      </input_file>
      <input_file id="fl-17">
         <path>./driverlib/MSP430FR5xx_6xx/</path>
         <kind>object</kind>
         <file>pmm.obj</file>
         <name>pmm.obj</name>
      </input_file>
      <input_file id="fl-18">
         <path>./driverlib/MSP430FR5xx_6xx/</path>
         <kind>object</kind>
         <file>ram.obj</file>
         <name>ram.obj</name>
      </input_file>
      <input_file id="fl-19">
         <path>./driverlib/MSP430FR5xx_6xx/</path>
         <kind>object</kind>
         <file>ref_a.obj</file>
         <name>ref_a.obj</name>
      </input_file>
      <input_file id="fl-1a">
         <path>./driverlib/MSP430FR5xx_6xx/</path>
         <kind>object</kind>
         <file>rtc_b.obj</file>
         <name>rtc_b.obj</name>
      </input_file>
      <input_file id="fl-1b">
         <path>./driverlib/MSP430FR5xx_6xx/</path>
         <kind>object</kind>
         <file>rtc_c.obj</file>
         <name>rtc_c.obj</name>
      </input_file>
      <input_file id="fl-1c">
         <path>./driverlib/MSP430FR5xx_6xx/</path>
         <kind>object</kind>
         <file>sfr.obj</file>
         <name>sfr.obj</name>
      </input_file>
      <input_file id="fl-1d">
         <path>./driverlib/MSP430FR5xx_6xx/</path>
         <kind>object</kind>
         <file>sysctl.obj</file>
         <name>sysctl.obj</name>
      </input_file>
      <input_file id="fl-1e">
         <path>./driverlib/MSP430FR5xx_6xx/</path>
         <kind>object</kind>
         <file>timer_a.obj</file>
         <name>timer_a.obj</name>
      </input_file>
      <input_file id="fl-1f">
         <path>./driverlib/MSP430FR5xx_6xx/</path>
         <kind>object</kind>
         <file>timer_b.obj</file>
         <name>timer_b.obj</name>
      </input_file>
      <input_file id="fl-20">
         <path>./driverlib/MSP430FR5xx_6xx/</path>
         <kind>object</kind>
         <file>tlv.obj</file>
         <name>tlv.obj</name>
      </input_file>
      <input_file id="fl-21">
         <path>./driverlib/MSP430FR5xx_6xx/</path>
         <kind>object</kind>
         <file>wdt_a.obj</file>
         <name>wdt_a.obj</name>
      </input_file>
      <input_file id="fl-28">
         <kind>object</kind>
         <file>&lt;internal&gt;</file>
         <name>&lt;internal&gt;</name>
      </input_file>
      <input_file id="fl-48">
         <path>/Applications/ti/ccs2020/ccs/tools/compiler/ti-cgt-msp430_21.6.1.LTS/lib/</path>
         <kind>archive</kind>
         <file>rts430x_lc_rd_eabi.lib</file>
         <name>copy_decompress_lzss.c.obj</name>
      </input_file>
      <input_file id="fl-49">
         <path>/Applications/ti/ccs2020/ccs/tools/compiler/ti-cgt-msp430_21.6.1.LTS/lib/</path>
         <kind>archive</kind>
         <file>rts430x_lc_rd_eabi.lib</file>
         <name>copy_decompress_none.c.obj</name>
      </input_file>
      <input_file id="fl-4a">
         <path>/Applications/ti/ccs2020/ccs/tools/compiler/ti-cgt-msp430_21.6.1.LTS/lib/</path>
         <kind>archive</kind>
         <file>rts430x_lc_rd_eabi.lib</file>
         <name>int27.asm.obj</name>
      </input_file>
      <input_file id="fl-4b">
         <path>/Applications/ti/ccs2020/ccs/tools/compiler/ti-cgt-msp430_21.6.1.LTS/lib/</path>
         <kind>archive</kind>
         <file>rts430x_lc_rd_eabi.lib</file>
         <name>isr_trap.asm.obj</name>
      </input_file>
      <input_file id="fl-4c">
         <path>/Applications/ti/ccs2020/ccs/tools/compiler/ti-cgt-msp430_21.6.1.LTS/lib/</path>
         <kind>archive</kind>
         <file>rts430x_lc_rd_eabi.lib</file>
         <name>int28.asm.obj</name>
      </input_file>
      <input_file id="fl-4d">
         <path>/Applications/ti/ccs2020/ccs/tools/compiler/ti-cgt-msp430_21.6.1.LTS/lib/</path>
         <kind>archive</kind>
         <file>rts430x_lc_rd_eabi.lib</file>
         <name>int29.asm.obj</name>
      </input_file>
      <input_file id="fl-4e">
         <path>/Applications/ti/ccs2020/ccs/tools/compiler/ti-cgt-msp430_21.6.1.LTS/lib/</path>
         <kind>archive</kind>
         <file>rts430x_lc_rd_eabi.lib</file>
         <name>int30.asm.obj</name>
      </input_file>
      <input_file id="fl-4f">
         <path>/Applications/ti/ccs2020/ccs/tools/compiler/ti-cgt-msp430_21.6.1.LTS/lib/</path>
         <kind>archive</kind>
         <file>rts430x_lc_rd_eabi.lib</file>
         <name>int31.asm.obj</name>
      </input_file>
      <input_file id="fl-50">
         <path>/Applications/ti/ccs2020/ccs/tools/compiler/ti-cgt-msp430_21.6.1.LTS/lib/</path>
         <kind>archive</kind>
         <file>rts430x_lc_rd_eabi.lib</file>
         <name>int32.asm.obj</name>
      </input_file>
      <input_file id="fl-51">
         <path>/Applications/ti/ccs2020/ccs/tools/compiler/ti-cgt-msp430_21.6.1.LTS/lib/</path>
         <kind>archive</kind>
         <file>rts430x_lc_rd_eabi.lib</file>
         <name>int33.asm.obj</name>
      </input_file>
      <input_file id="fl-52">
         <path>/Applications/ti/ccs2020/ccs/tools/compiler/ti-cgt-msp430_21.6.1.LTS/lib/</path>
         <kind>archive</kind>
         <file>rts430x_lc_rd_eabi.lib</file>
         <name>int34.asm.obj</name>
      </input_file>
      <input_file id="fl-53">
         <path>/Applications/ti/ccs2020/ccs/tools/compiler/ti-cgt-msp430_21.6.1.LTS/lib/</path>
         <kind>archive</kind>
         <file>rts430x_lc_rd_eabi.lib</file>
         <name>int35.asm.obj</name>
      </input_file>
      <input_file id="fl-54">
         <path>/Applications/ti/ccs2020/ccs/tools/compiler/ti-cgt-msp430_21.6.1.LTS/lib/</path>
         <kind>archive</kind>
         <file>rts430x_lc_rd_eabi.lib</file>
         <name>int36.asm.obj</name>
      </input_file>
      <input_file id="fl-55">
         <path>/Applications/ti/ccs2020/ccs/tools/compiler/ti-cgt-msp430_21.6.1.LTS/lib/</path>
         <kind>archive</kind>
         <file>rts430x_lc_rd_eabi.lib</file>
         <name>int37.asm.obj</name>
      </input_file>
      <input_file id="fl-56">
         <path>/Applications/ti/ccs2020/ccs/tools/compiler/ti-cgt-msp430_21.6.1.LTS/lib/</path>
         <kind>archive</kind>
         <file>rts430x_lc_rd_eabi.lib</file>
         <name>int38.asm.obj</name>
      </input_file>
      <input_file id="fl-57">
         <path>/Applications/ti/ccs2020/ccs/tools/compiler/ti-cgt-msp430_21.6.1.LTS/lib/</path>
         <kind>archive</kind>
         <file>rts430x_lc_rd_eabi.lib</file>
         <name>int40.asm.obj</name>
      </input_file>
      <input_file id="fl-58">
         <path>/Applications/ti/ccs2020/ccs/tools/compiler/ti-cgt-msp430_21.6.1.LTS/lib/</path>
         <kind>archive</kind>
         <file>rts430x_lc_rd_eabi.lib</file>
         <name>int41.asm.obj</name>
      </input_file>
      <input_file id="fl-59">
         <path>/Applications/ti/ccs2020/ccs/tools/compiler/ti-cgt-msp430_21.6.1.LTS/lib/</path>
         <kind>archive</kind>
         <file>rts430x_lc_rd_eabi.lib</file>
         <name>int42.asm.obj</name>
      </input_file>
      <input_file id="fl-5a">
         <path>/Applications/ti/ccs2020/ccs/tools/compiler/ti-cgt-msp430_21.6.1.LTS/lib/</path>
         <kind>archive</kind>
         <file>rts430x_lc_rd_eabi.lib</file>
         <name>int43.asm.obj</name>
      </input_file>
      <input_file id="fl-5b">
         <path>/Applications/ti/ccs2020/ccs/tools/compiler/ti-cgt-msp430_21.6.1.LTS/lib/</path>
         <kind>archive</kind>
         <file>rts430x_lc_rd_eabi.lib</file>
         <name>int44.asm.obj</name>
      </input_file>
      <input_file id="fl-5c">
         <path>/Applications/ti/ccs2020/ccs/tools/compiler/ti-cgt-msp430_21.6.1.LTS/lib/</path>
         <kind>archive</kind>
         <file>rts430x_lc_rd_eabi.lib</file>
         <name>int46.asm.obj</name>
      </input_file>
      <input_file id="fl-5d">
         <path>/Applications/ti/ccs2020/ccs/tools/compiler/ti-cgt-msp430_21.6.1.LTS/lib/</path>
         <kind>archive</kind>
         <file>rts430x_lc_rd_eabi.lib</file>
         <name>int47.asm.obj</name>
      </input_file>
      <input_file id="fl-5e">
         <path>/Applications/ti/ccs2020/ccs/tools/compiler/ti-cgt-msp430_21.6.1.LTS/lib/</path>
         <kind>archive</kind>
         <file>rts430x_lc_rd_eabi.lib</file>
         <name>int48.asm.obj</name>
      </input_file>
      <input_file id="fl-5f">
         <path>/Applications/ti/ccs2020/ccs/tools/compiler/ti-cgt-msp430_21.6.1.LTS/lib/</path>
         <kind>archive</kind>
         <file>rts430x_lc_rd_eabi.lib</file>
         <name>int49.asm.obj</name>
      </input_file>
      <input_file id="fl-60">
         <path>/Applications/ti/ccs2020/ccs/tools/compiler/ti-cgt-msp430_21.6.1.LTS/lib/</path>
         <kind>archive</kind>
         <file>rts430x_lc_rd_eabi.lib</file>
         <name>int50.asm.obj</name>
      </input_file>
      <input_file id="fl-61">
         <path>/Applications/ti/ccs2020/ccs/tools/compiler/ti-cgt-msp430_21.6.1.LTS/lib/</path>
         <kind>archive</kind>
         <file>rts430x_lc_rd_eabi.lib</file>
         <name>int51.asm.obj</name>
      </input_file>
      <input_file id="fl-62">
         <path>/Applications/ti/ccs2020/ccs/tools/compiler/ti-cgt-msp430_21.6.1.LTS/lib/</path>
         <kind>archive</kind>
         <file>rts430x_lc_rd_eabi.lib</file>
         <name>int52.asm.obj</name>
      </input_file>
      <input_file id="fl-63">
         <path>/Applications/ti/ccs2020/ccs/tools/compiler/ti-cgt-msp430_21.6.1.LTS/lib/</path>
         <kind>archive</kind>
         <file>rts430x_lc_rd_eabi.lib</file>
         <name>int53.asm.obj</name>
      </input_file>
      <input_file id="fl-64">
         <path>/Applications/ti/ccs2020/ccs/tools/compiler/ti-cgt-msp430_21.6.1.LTS/lib/</path>
         <kind>archive</kind>
         <file>rts430x_lc_rd_eabi.lib</file>
         <name>int54.asm.obj</name>
      </input_file>
      <input_file id="fl-65">
         <path>/Applications/ti/ccs2020/ccs/tools/compiler/ti-cgt-msp430_21.6.1.LTS/lib/</path>
         <kind>archive</kind>
         <file>rts430x_lc_rd_eabi.lib</file>
         <name>copy_zero_init.c.obj</name>
      </input_file>
      <input_file id="fl-66">
         <path>/Applications/ti/ccs2020/ccs/tools/compiler/ti-cgt-msp430_21.6.1.LTS/lib/</path>
         <kind>archive</kind>
         <file>rts430x_lc_rd_eabi.lib</file>
         <name>div16s.asm.obj</name>
      </input_file>
      <input_file id="fl-67">
         <path>/Applications/ti/ccs2020/ccs/tools/compiler/ti-cgt-msp430_21.6.1.LTS/lib/</path>
         <kind>archive</kind>
         <file>rts430x_lc_rd_eabi.lib</file>
         <name>div32s.asm.obj</name>
      </input_file>
      <input_file id="fl-68">
         <path>/Applications/ti/ccs2020/ccs/tools/compiler/ti-cgt-msp430_21.6.1.LTS/lib/</path>
         <kind>archive</kind>
         <file>rts430x_lc_rd_eabi.lib</file>
         <name>div16u.asm.obj</name>
      </input_file>
      <input_file id="fl-69">
         <path>/Applications/ti/ccs2020/ccs/tools/compiler/ti-cgt-msp430_21.6.1.LTS/lib/</path>
         <kind>archive</kind>
         <file>rts430x_lc_rd_eabi.lib</file>
         <name>div32u.asm.obj</name>
      </input_file>
      <input_file id="fl-6a">
         <path>/Applications/ti/ccs2020/ccs/tools/compiler/ti-cgt-msp430_21.6.1.LTS/lib/</path>
         <kind>archive</kind>
         <file>rts430x_lc_rd_eabi.lib</file>
         <name>fs_toul.asm.obj</name>
      </input_file>
      <input_file id="fl-6b">
         <path>/Applications/ti/ccs2020/ccs/tools/compiler/ti-cgt-msp430_21.6.1.LTS/lib/</path>
         <kind>archive</kind>
         <file>rts430x_lc_rd_eabi.lib</file>
         <name>fs_ultof.asm.obj</name>
      </input_file>
      <input_file id="fl-6c">
         <path>/Applications/ti/ccs2020/ccs/tools/compiler/ti-cgt-msp430_21.6.1.LTS/lib/</path>
         <kind>archive</kind>
         <file>rts430x_lc_rd_eabi.lib</file>
         <name>fs_mpy.asm.obj</name>
      </input_file>
      <input_file id="fl-6d">
         <path>/Applications/ti/ccs2020/ccs/tools/compiler/ti-cgt-msp430_21.6.1.LTS/lib/</path>
         <kind>archive</kind>
         <file>rts430x_lc_rd_eabi.lib</file>
         <name>mult16_f5hw.asm.obj</name>
      </input_file>
      <input_file id="fl-6e">
         <path>/Applications/ti/ccs2020/ccs/tools/compiler/ti-cgt-msp430_21.6.1.LTS/lib/</path>
         <kind>archive</kind>
         <file>rts430x_lc_rd_eabi.lib</file>
         <name>mult32_f5hw.asm.obj</name>
      </input_file>
      <input_file id="fl-6f">
         <path>/Applications/ti/ccs2020/ccs/tools/compiler/ti-cgt-msp430_21.6.1.LTS/lib/</path>
         <kind>archive</kind>
         <file>rts430x_lc_rd_eabi.lib</file>
         <name>mult64_f5hw.asm.obj</name>
      </input_file>
      <input_file id="fl-70">
         <path>/Applications/ti/ccs2020/ccs/tools/compiler/ti-cgt-msp430_21.6.1.LTS/lib/</path>
         <kind>archive</kind>
         <file>rts430x_lc_rd_eabi.lib</file>
         <name>mult1632_f5hw.asm.obj</name>
      </input_file>
      <input_file id="fl-71">
         <path>/Applications/ti/ccs2020/ccs/tools/compiler/ti-cgt-msp430_21.6.1.LTS/lib/</path>
         <kind>archive</kind>
         <file>rts430x_lc_rd_eabi.lib</file>
         <name>mult3264_f5hw.asm.obj</name>
      </input_file>
      <input_file id="fl-72">
         <path>/Applications/ti/ccs2020/ccs/tools/compiler/ti-cgt-msp430_21.6.1.LTS/lib/</path>
         <kind>archive</kind>
         <file>rts430x_lc_rd_eabi.lib</file>
         <name>lsl16.asm.obj</name>
      </input_file>
      <input_file id="fl-73">
         <path>/Applications/ti/ccs2020/ccs/tools/compiler/ti-cgt-msp430_21.6.1.LTS/lib/</path>
         <kind>archive</kind>
         <file>rts430x_lc_rd_eabi.lib</file>
         <name>asr16.asm.obj</name>
      </input_file>
      <input_file id="fl-74">
         <path>/Applications/ti/ccs2020/ccs/tools/compiler/ti-cgt-msp430_21.6.1.LTS/lib/</path>
         <kind>archive</kind>
         <file>rts430x_lc_rd_eabi.lib</file>
         <name>lsr16.asm.obj</name>
      </input_file>
      <input_file id="fl-75">
         <path>/Applications/ti/ccs2020/ccs/tools/compiler/ti-cgt-msp430_21.6.1.LTS/lib/</path>
         <kind>archive</kind>
         <file>rts430x_lc_rd_eabi.lib</file>
         <name>lsr32.asm.obj</name>
      </input_file>
      <input_file id="fl-76">
         <path>/Applications/ti/ccs2020/ccs/tools/compiler/ti-cgt-msp430_21.6.1.LTS/lib/</path>
         <kind>archive</kind>
         <file>rts430x_lc_rd_eabi.lib</file>
         <name>lsr64.c.obj</name>
      </input_file>
      <input_file id="fl-77">
         <path>/Applications/ti/ccs2020/ccs/tools/compiler/ti-cgt-msp430_21.6.1.LTS/lib/</path>
         <kind>archive</kind>
         <file>rts430x_lc_rd_eabi.lib</file>
         <name>boot.c.obj</name>
      </input_file>
      <input_file id="fl-78">
         <path>/Applications/ti/ccs2020/ccs/ccs_base/msp430/lib/FR59xx/</path>
         <kind>archive</kind>
         <file>MSPMPU_INIT_LIB_CCS_msp430_large_code_restricted_data.lib</file>
         <name>mpu_init.o</name>
      </input_file>
      <input_file id="fl-79">
         <path>/Applications/ti/ccs2020/ccs/tools/compiler/ti-cgt-msp430_21.6.1.LTS/lib/</path>
         <kind>archive</kind>
         <file>rts430x_lc_rd_eabi.lib</file>
         <name>args_main.c.obj</name>
      </input_file>
      <input_file id="fl-7a">
         <path>/Applications/ti/ccs2020/ccs/tools/compiler/ti-cgt-msp430_21.6.1.LTS/lib/</path>
         <kind>archive</kind>
         <file>rts430x_lc_rd_eabi.lib</file>
         <name>autoinit.c.obj</name>
      </input_file>
      <input_file id="fl-7b">
         <path>/Applications/ti/ccs2020/ccs/tools/compiler/ti-cgt-msp430_21.6.1.LTS/lib/</path>
         <kind>archive</kind>
         <file>rts430x_lc_rd_eabi.lib</file>
         <name>startup.c.obj</name>
      </input_file>
      <input_file id="fl-7c">
         <path>/Applications/ti/ccs2020/ccs/tools/compiler/ti-cgt-msp430_21.6.1.LTS/lib/</path>
         <kind>archive</kind>
         <file>rts430x_lc_rd_eabi.lib</file>
         <name>pre_init.c.obj</name>
      </input_file>
      <input_file id="fl-7d">
         <path>/Applications/ti/ccs2020/ccs/tools/compiler/ti-cgt-msp430_21.6.1.LTS/lib/</path>
         <kind>archive</kind>
         <file>rts430x_lc_rd_eabi.lib</file>
         <name>cpy_tbl.c.obj</name>
      </input_file>
      <input_file id="fl-7e">
         <path>/Applications/ti/ccs2020/ccs/tools/compiler/ti-cgt-msp430_21.6.1.LTS/lib/</path>
         <kind>archive</kind>
         <file>rts430x_lc_rd_eabi.lib</file>
         <name>mult16.asm.obj</name>
      </input_file>
      <input_file id="fl-7f">
         <path>/Applications/ti/ccs2020/ccs/tools/compiler/ti-cgt-msp430_21.6.1.LTS/lib/</path>
         <kind>archive</kind>
         <file>rts430x_lc_rd_eabi.lib</file>
         <name>exit.c.obj</name>
      </input_file>
      <input_file id="fl-80">
         <path>/Applications/ti/ccs2020/ccs/tools/compiler/ti-cgt-msp430_21.6.1.LTS/lib/</path>
         <kind>archive</kind>
         <file>rts430x_lc_rd_eabi.lib</file>
         <name>exit_gvars.c.obj</name>
      </input_file>
      <input_file id="fl-81">
         <path>/Applications/ti/ccs2020/ccs/tools/compiler/ti-cgt-msp430_21.6.1.LTS/lib/</path>
         <kind>archive</kind>
         <file>rts430x_lc_rd_eabi.lib</file>
         <name>_lock.c.obj</name>
      </input_file>
      <input_file id="fl-82">
         <path>/Applications/ti/ccs2020/ccs/tools/compiler/ti-cgt-msp430_21.6.1.LTS/lib/</path>
         <kind>archive</kind>
         <file>rts430x_lc_rd_eabi.lib</file>
         <name>memcpy.c.obj</name>
      </input_file>
      <input_file id="fl-83">
         <path>/Applications/ti/ccs2020/ccs/tools/compiler/ti-cgt-msp430_21.6.1.LTS/lib/</path>
         <kind>archive</kind>
         <file>rts430x_lc_rd_eabi.lib</file>
         <name>e_powf.c.obj</name>
      </input_file>
      <input_file id="fl-84">
         <path>/Applications/ti/ccs2020/ccs/tools/compiler/ti-cgt-msp430_21.6.1.LTS/lib/</path>
         <kind>archive</kind>
         <file>rts430x_lc_rd_eabi.lib</file>
         <name>fs_add.asm.obj</name>
      </input_file>
      <input_file id="fl-85">
         <path>/Applications/ti/ccs2020/ccs/tools/compiler/ti-cgt-msp430_21.6.1.LTS/lib/</path>
         <kind>archive</kind>
         <file>rts430x_lc_rd_eabi.lib</file>
         <name>fs_cmp.asm.obj</name>
      </input_file>
      <input_file id="fl-86">
         <path>/Applications/ti/ccs2020/ccs/tools/compiler/ti-cgt-msp430_21.6.1.LTS/lib/</path>
         <kind>archive</kind>
         <file>rts430x_lc_rd_eabi.lib</file>
         <name>fs_div.asm.obj</name>
      </input_file>
      <input_file id="fl-87">
         <path>/Applications/ti/ccs2020/ccs/tools/compiler/ti-cgt-msp430_21.6.1.LTS/lib/</path>
         <kind>archive</kind>
         <file>rts430x_lc_rd_eabi.lib</file>
         <name>fs_ltof.asm.obj</name>
      </input_file>
      <input_file id="fl-88">
         <path>/Applications/ti/ccs2020/ccs/tools/compiler/ti-cgt-msp430_21.6.1.LTS/lib/</path>
         <kind>archive</kind>
         <file>rts430x_lc_rd_eabi.lib</file>
         <name>fs_neg.asm.obj</name>
      </input_file>
      <input_file id="fl-89">
         <path>/Applications/ti/ccs2020/ccs/tools/compiler/ti-cgt-msp430_21.6.1.LTS/lib/</path>
         <kind>archive</kind>
         <file>rts430x_lc_rd_eabi.lib</file>
         <name>lsl32.asm.obj</name>
      </input_file>
      <input_file id="fl-8a">
         <path>/Applications/ti/ccs2020/ccs/tools/compiler/ti-cgt-msp430_21.6.1.LTS/lib/</path>
         <kind>archive</kind>
         <file>rts430x_lc_rd_eabi.lib</file>
         <name>asr32.asm.obj</name>
      </input_file>
      <input_file id="fl-8b">
         <path>/Applications/ti/ccs2020/ccs/tools/compiler/ti-cgt-msp430_21.6.1.LTS/lib/</path>
         <kind>archive</kind>
         <file>rts430x_lc_rd_eabi.lib</file>
         <name>errno.c.obj</name>
      </input_file>
      <input_file id="fl-8c">
         <path>/Applications/ti/ccs2020/ccs/tools/compiler/ti-cgt-msp430_21.6.1.LTS/lib/</path>
         <kind>archive</kind>
         <file>rts430x_lc_rd_eabi.lib</file>
         <name>s_scalbnf.c.obj</name>
      </input_file>
      <input_file id="fl-8d">
         <path>/Applications/ti/ccs2020/ccs/tools/compiler/ti-cgt-msp430_21.6.1.LTS/lib/</path>
         <kind>archive</kind>
         <file>rts430x_lc_rd_eabi.lib</file>
         <name>s_copysignf.c.obj</name>
      </input_file>
      <input_file id="fl-8e">
         <path>/Applications/ti/ccs2020/ccs/ccs_base/msp430/lib/5xx_6xx_FRxx/</path>
         <kind>archive</kind>
         <file>MSPMATHLIB_CCS_msp430_5xx_6xx_FRxx_large_code_restricted_data.lib</file>
         <name>msp430_sqrt.o</name>
      </input_file>
      <input_file id="fl-8f">
         <path>/Applications/ti/ccs2020/ccs/ccs_base/msp430/lib/5xx_6xx_FRxx/</path>
         <kind>archive</kind>
         <file>MSPMATHLIB_CCS_msp430_5xx_6xx_FRxx_large_code_restricted_data.lib</file>
         <name>msp430_common.o</name>
      </input_file>
      <input_file id="fl-90">
         <path>/Applications/ti/ccs2020/ccs/ccs_base/msp430/lib/5xx_6xx_FRxx/</path>
         <kind>archive</kind>
         <file>MSPMATHLIB_CCS_msp430_5xx_6xx_FRxx_large_code_restricted_data.lib</file>
         <name>msp430_tables.o</name>
      </input_file>
   </input_file_list>
   <object_component_list>
      <object_component id="oc-9d7">
         <name>.cinit..data.load</name>
         <load_address>0x46e8</load_address>
         <run_address>0x46e8</run_address>
         <size>0x11</size>
      </object_component>
      <object_component id="oc-9d5">
         <name>__TI_handler_table</name>
         <load_address>0x46fa</load_address>
         <run_address>0x46fa</run_address>
         <size>0x8</size>
      </object_component>
      <object_component id="oc-9d6">
         <name>__TI_cinit_table</name>
         <load_address>0x4702</load_address>
         <run_address>0x4702</run_address>
         <size>0x8</size>
      </object_component>
      <object_component id="oc-965">
         <name>.binit</name>
         <load_address>0x4400</load_address>
         <run_address>0x4400</run_address>
         <size>0x0</size>
      </object_component>
      <object_component id="oc-929">
         <name>.const:msp430_sqrt_lookup</name>
         <load_address>0x4594</load_address>
         <run_address>0x4594</run_address>
         <size>0xc0</size>
         <input_file_ref idref="fl-90"/>
      </object_component>
      <object_component id="oc-7c4">
         <name>.const:alphabetBig</name>
         <load_address>0x4654</load_address>
         <run_address>0x4654</run_address>
         <size>0x34</size>
         <input_file_ref idref="fl-5"/>
      </object_component>
      <object_component id="oc-8c6">
         <name>.const:GPIO_PORT_TO_BASE</name>
         <load_address>0x4688</load_address>
         <run_address>0x4688</run_address>
         <size>0x1c</size>
         <input_file_ref idref="fl-13"/>
      </object_component>
      <object_component id="oc-7c1">
         <name>.const:SegmentLoc</name>
         <load_address>0x46a4</load_address>
         <run_address>0x46a4</run_address>
         <size>0x18</size>
         <input_file_ref idref="fl-5"/>
      </object_component>
      <object_component id="oc-7cd">
         <name>.const:digit</name>
         <load_address>0x46bc</load_address>
         <run_address>0x46bc</run_address>
         <size>0x14</size>
         <input_file_ref idref="fl-5"/>
      </object_component>
      <object_component id="oc-796">
         <name>.const:bp</name>
         <load_address>0x46d0</load_address>
         <run_address>0x46d0</run_address>
         <size>0x8</size>
         <input_file_ref idref="fl-83"/>
      </object_component>
      <object_component id="oc-79e">
         <name>.const:dp_h</name>
         <load_address>0x46d8</load_address>
         <run_address>0x46d8</run_address>
         <size>0x8</size>
         <input_file_ref idref="fl-83"/>
      </object_component>
      <object_component id="oc-7a1">
         <name>.const:dp_l</name>
         <load_address>0x46e0</load_address>
         <run_address>0x46e0</run_address>
         <size>0x8</size>
         <input_file_ref idref="fl-83"/>
      </object_component>
      <object_component id="oc-634">
         <name>.text:_isr:ADC12_ISR</name>
         <load_address>0x4400</load_address>
         <run_address>0x4400</run_address>
         <size>0x120</size>
         <input_file_ref idref="fl-2"/>
      </object_component>
      <object_component id="oc-62e">
         <name>.text:_isr:Timer1_ISR</name>
         <load_address>0x4520</load_address>
         <run_address>0x4520</run_address>
         <size>0x4c</size>
         <input_file_ref idref="fl-2"/>
      </object_component>
      <object_component id="oc-664">
         <name>.text:_isr:_c_int00_noargs_mpu</name>
         <load_address>0x456c</load_address>
         <run_address>0x456c</run_address>
         <size>0x20</size>
         <input_file_ref idref="fl-77"/>
      </object_component>
      <object_component id="oc-629">
         <name>.text:_isr:__TI_ISR_TRAP</name>
         <load_address>0x458c</load_address>
         <run_address>0x458c</run_address>
         <size>0x8</size>
         <input_file_ref idref="fl-4b"/>
      </object_component>
      <object_component id="oc-6e3">
         <name>.text:powf</name>
         <load_address>0x10000</load_address>
         <run_address>0x10000</run_address>
         <size>0xa74</size>
         <input_file_ref idref="fl-83"/>
      </object_component>
      <object_component id="oc-6f9">
         <name>.text:myLCD_showChar</name>
         <load_address>0x10a74</load_address>
         <run_address>0x10a74</run_address>
         <size>0x1e2</size>
         <input_file_ref idref="fl-5"/>
      </object_component>
      <object_component id="oc-691">
         <name>.text:myLCD_displayNumber</name>
         <load_address>0x10c56</load_address>
         <run_address>0x10c56</run_address>
         <size>0x1e0</size>
         <input_file_ref idref="fl-5"/>
      </object_component>
      <object_component id="oc-93c">
         <name>.text:privateCSASourceClockFromDCO</name>
         <load_address>0x10e36</load_address>
         <run_address>0x10e36</run_address>
         <size>0x17c</size>
         <input_file_ref idref="fl-b"/>
      </object_component>
      <object_component id="oc-795">
         <name>.text:sqrtf</name>
         <load_address>0x10fb2</load_address>
         <run_address>0x10fb2</run_address>
         <size>0x138</size>
         <input_file_ref idref="fl-8e"/>
      </object_component>
      <object_component id="oc-781">
         <name>.text</name>
         <load_address>0x110ea</load_address>
         <run_address>0x110ea</run_address>
         <size>0x132</size>
         <input_file_ref idref="fl-84"/>
      </object_component>
      <object_component id="oc-7ac">
         <name>.text:scalbnf</name>
         <load_address>0x1121c</load_address>
         <run_address>0x1121c</run_address>
         <size>0xe4</size>
         <input_file_ref idref="fl-8c"/>
      </object_component>
      <object_component id="oc-8ce">
         <name>.text:privateCSAComputeCLKFrequency</name>
         <load_address>0x11300</load_address>
         <run_address>0x11300</run_address>
         <size>0xe0</size>
         <input_file_ref idref="fl-b"/>
      </object_component>
      <object_component id="oc-89f">
         <name>.text:msp430_calc_sqrt</name>
         <load_address>0x113e0</load_address>
         <run_address>0x113e0</run_address>
         <size>0xcc</size>
         <input_file_ref idref="fl-8f"/>
      </object_component>
      <object_component id="oc-6e9">
         <name>.text</name>
         <load_address>0x114ac</load_address>
         <run_address>0x114ac</run_address>
         <size>0xb8</size>
         <input_file_ref idref="fl-6c"/>
      </object_component>
      <object_component id="oc-716">
         <name>.text:myLCD_init</name>
         <load_address>0x11564</load_address>
         <run_address>0x11564</run_address>
         <size>0xa0</size>
         <input_file_ref idref="fl-5"/>
      </object_component>
      <object_component id="oc-710">
         <name>.text:initClocks</name>
         <load_address>0x11604</load_address>
         <run_address>0x11604</run_address>
         <size>0x9e</size>
         <input_file_ref idref="fl-3"/>
      </object_component>
      <object_component id="oc-790">
         <name>.text</name>
         <load_address>0x116a2</load_address>
         <run_address>0x116a2</run_address>
         <size>0x90</size>
         <input_file_ref idref="fl-86"/>
      </object_component>
      <object_component id="oc-818">
         <name>.text:LCD_C_setPinAsLCDFunctionEx</name>
         <load_address>0x11732</load_address>
         <run_address>0x11732</run_address>
         <size>0x8a</size>
         <input_file_ref idref="fl-14"/>
      </object_component>
      <object_component id="oc-7a">
         <name>.text:decompress:lzss:__TI_decompress_lzss</name>
         <load_address>0x117bc</load_address>
         <run_address>0x117bc</run_address>
         <size>0x76</size>
         <input_file_ref idref="fl-48"/>
      </object_component>
      <object_component id="oc-7dd">
         <name>.text:GPIO_setAsPeripheralModuleFunctionInputPin</name>
         <load_address>0x11832</load_address>
         <run_address>0x11832</run_address>
         <size>0x72</size>
         <input_file_ref idref="fl-13"/>
      </object_component>
      <object_component id="oc-7c7">
         <name>.text:LCD_C_setMemory</name>
         <load_address>0x118a4</load_address>
         <run_address>0x118a4</run_address>
         <size>0x72</size>
         <input_file_ref idref="fl-14"/>
      </object_component>
      <object_component id="oc-80b">
         <name>.text:CS_initClockSignal</name>
         <load_address>0x11916</load_address>
         <run_address>0x11916</run_address>
         <size>0x66</size>
         <input_file_ref idref="fl-b"/>
      </object_component>
      <object_component id="oc-7ff">
         <name>.text:CS_turnOnLFXTWithTimeout</name>
         <load_address>0x1197c</load_address>
         <run_address>0x1197c</run_address>
         <size>0x58</size>
         <input_file_ref idref="fl-b"/>
      </object_component>
      <object_component id="oc-6f4">
         <name>.text</name>
         <load_address>0x119d4</load_address>
         <run_address>0x119d4</run_address>
         <size>0x58</size>
         <input_file_ref idref="fl-69"/>
      </object_component>
      <object_component id="oc-759">
         <name>.text:__TI_auto_init_nobinit_nopinit_hold_wdt:__TI_auto_init_nobinit_nopinit_hold_wdt</name>
         <load_address>0x11a2c</load_address>
         <run_address>0x11a2c</run_address>
         <size>0x54</size>
         <input_file_ref idref="fl-7a"/>
      </object_component>
      <object_component id="oc-827">
         <name>.text:LCD_C_setVLCDSource</name>
         <load_address>0x11a80</load_address>
         <run_address>0x11a80</run_address>
         <size>0x52</size>
         <input_file_ref idref="fl-14"/>
      </object_component>
      <object_component id="oc-6ee">
         <name>.text</name>
         <load_address>0x11ad2</load_address>
         <run_address>0x11ad2</run_address>
         <size>0x4c</size>
         <input_file_ref idref="fl-6a"/>
      </object_component>
      <object_component id="oc-7a4">
         <name>.text</name>
         <load_address>0x11b1e</load_address>
         <run_address>0x11b1e</run_address>
         <size>0x4a</size>
         <input_file_ref idref="fl-85"/>
      </object_component>
      <object_component id="oc-799">
         <name>.text</name>
         <load_address>0x11b68</load_address>
         <run_address>0x11b68</run_address>
         <size>0x4a</size>
         <input_file_ref idref="fl-87"/>
      </object_component>
      <object_component id="oc-8e2">
         <name>.text:setLCDFunction</name>
         <load_address>0x11bb2</load_address>
         <run_address>0x11bb2</run_address>
         <size>0x42</size>
         <input_file_ref idref="fl-14"/>
      </object_component>
      <object_component id="oc-937">
         <name>.text</name>
         <load_address>0x11bf4</load_address>
         <run_address>0x11bf4</run_address>
         <size>0x40</size>
         <input_file_ref idref="fl-67"/>
      </object_component>
      <object_component id="oc-698">
         <name>.text:l_lsr_const</name>
         <load_address>0x11c34</load_address>
         <run_address>0x11c34</run_address>
         <size>0x3e</size>
         <input_file_ref idref="fl-75"/>
      </object_component>
      <object_component id="oc-70a">
         <name>.text:initGPIO</name>
         <load_address>0x11c72</load_address>
         <run_address>0x11c72</run_address>
         <size>0x3a</size>
         <input_file_ref idref="fl-4"/>
      </object_component>
      <object_component id="oc-6b1">
         <name>.text:main</name>
         <load_address>0x11cac</load_address>
         <run_address>0x11cac</run_address>
         <size>0x3a</size>
         <input_file_ref idref="fl-2"/>
      </object_component>
      <object_component id="oc-68b">
         <name>.text:raw_to_cm</name>
         <load_address>0x11ce6</load_address>
         <run_address>0x11ce6</run_address>
         <size>0x38</size>
         <input_file_ref idref="fl-2"/>
      </object_component>
      <object_component id="oc-6de">
         <name>.text</name>
         <load_address>0x11d1e</load_address>
         <run_address>0x11d1e</run_address>
         <size>0x32</size>
         <input_file_ref idref="fl-6b"/>
      </object_component>
      <object_component id="oc-821">
         <name>.text:LCD_C_init</name>
         <load_address>0x11d50</load_address>
         <run_address>0x11d50</run_address>
         <size>0x2e</size>
         <input_file_ref idref="fl-14"/>
      </object_component>
      <object_component id="oc-83f">
         <name>.text:LCD_C_configChargePump</name>
         <load_address>0x11d7e</load_address>
         <run_address>0x11d7e</run_address>
         <size>0x2c</size>
         <input_file_ref idref="fl-14"/>
      </object_component>
      <object_component id="oc-71c">
         <name>.text:SMCLK_SetTo1MHz</name>
         <load_address>0x11daa</load_address>
         <run_address>0x11daa</run_address>
         <size>0x2c</size>
         <input_file_ref idref="fl-2"/>
      </object_component>
      <object_component id="oc-6c3">
         <name>.text:__mpu_init</name>
         <load_address>0x11dd6</load_address>
         <run_address>0x11dd6</run_address>
         <size>0x2c</size>
         <input_file_ref idref="fl-78"/>
      </object_component>
      <object_component id="oc-942">
         <name>.text</name>
         <load_address>0x11e02</load_address>
         <run_address>0x11e02</run_address>
         <size>0x2c</size>
         <input_file_ref idref="fl-66"/>
      </object_component>
      <object_component id="oc-7ea">
         <name>.text:CS_getACLK</name>
         <load_address>0x11e2e</load_address>
         <run_address>0x11e2e</run_address>
         <size>0x1e</size>
         <input_file_ref idref="fl-b"/>
      </object_component>
      <object_component id="oc-857">
         <name>.text:LCD_C_setBlinkingControl</name>
         <load_address>0x11e4c</load_address>
         <run_address>0x11e4c</run_address>
         <size>0x1c</size>
         <input_file_ref idref="fl-14"/>
      </object_component>
      <object_component id="oc-722">
         <name>.text:ADC_SETUP</name>
         <load_address>0x11e68</load_address>
         <run_address>0x11e68</run_address>
         <size>0x1a</size>
         <input_file_ref idref="fl-2"/>
      </object_component>
      <object_component id="oc-7f3">
         <name>.text:CS_getSMCLK</name>
         <load_address>0x11e82</load_address>
         <run_address>0x11e82</run_address>
         <size>0x1a</size>
         <input_file_ref idref="fl-b"/>
      </object_component>
      <object_component id="oc-839">
         <name>.text:LCD_C_selectChargePumpReference</name>
         <load_address>0x11e9c</load_address>
         <run_address>0x11e9c</run_address>
         <size>0x1a</size>
         <input_file_ref idref="fl-14"/>
      </object_component>
      <object_component id="oc-82d">
         <name>.text:LCD_C_setVLCDVoltage</name>
         <load_address>0x11eb6</load_address>
         <run_address>0x11eb6</run_address>
         <size>0x1a</size>
         <input_file_ref idref="fl-14"/>
      </object_component>
      <object_component id="oc-851">
         <name>.text:LCD_C_selectDisplayMemory</name>
         <load_address>0x11ed0</load_address>
         <run_address>0x11ed0</run_address>
         <size>0x18</size>
         <input_file_ref idref="fl-14"/>
      </object_component>
      <object_component id="oc-7f9">
         <name>.text:CS_getMCLK</name>
         <load_address>0x11ee8</load_address>
         <run_address>0x11ee8</run_address>
         <size>0x16</size>
         <input_file_ref idref="fl-b"/>
      </object_component>
      <object_component id="oc-95e">
         <name>.text</name>
         <load_address>0x11efe</load_address>
         <run_address>0x11efe</run_address>
         <size>0x16</size>
         <input_file_ref idref="fl-68"/>
      </object_component>
      <object_component id="oc-728">
         <name>.text:init_timer1_4khz</name>
         <load_address>0x11f14</load_address>
         <run_address>0x11f14</run_address>
         <size>0x14</size>
         <input_file_ref idref="fl-2"/>
      </object_component>
      <object_component id="oc-61c">
         <name>.text:memcpy</name>
         <load_address>0x11f28</load_address>
         <run_address>0x11f28</run_address>
         <size>0x14</size>
         <input_file_ref idref="fl-82"/>
      </object_component>
      <object_component id="oc-805">
         <name>.text:CS_setDCOFreq</name>
         <load_address>0x11f3c</load_address>
         <run_address>0x11f3c</run_address>
         <size>0x12</size>
         <input_file_ref idref="fl-b"/>
      </object_component>
      <object_component id="oc-7e4">
         <name>.text:CS_setExternalClockSource</name>
         <load_address>0x11f4e</load_address>
         <run_address>0x11f4e</run_address>
         <size>0x12</size>
         <input_file_ref idref="fl-b"/>
      </object_component>
      <object_component id="oc-8aa">
         <name>.text:copysignf</name>
         <load_address>0x11f60</load_address>
         <run_address>0x11f60</run_address>
         <size>0x12</size>
         <input_file_ref idref="fl-8d"/>
      </object_component>
      <object_component id="oc-80">
         <name>.text:decompress:none:__TI_decompress_none</name>
         <load_address>0x11f72</load_address>
         <run_address>0x11f72</run_address>
         <size>0x12</size>
         <input_file_ref idref="fl-49"/>
      </object_component>
      <object_component id="oc-786">
         <name>.text:l_asr</name>
         <load_address>0x11f84</load_address>
         <run_address>0x11f84</run_address>
         <size>0x10</size>
         <input_file_ref idref="fl-8a"/>
      </object_component>
      <object_component id="oc-78b">
         <name>.text:l_lsl</name>
         <load_address>0x11f94</load_address>
         <run_address>0x11f94</run_address>
         <size>0x10</size>
         <input_file_ref idref="fl-89"/>
      </object_component>
      <object_component id="oc-833">
         <name>.text:LCD_C_enableChargePump</name>
         <load_address>0x11fa4</load_address>
         <run_address>0x11fa4</run_address>
         <size>0xe</size>
         <input_file_ref idref="fl-14"/>
      </object_component>
      <object_component id="oc-72e">
         <name>.text:ledInit</name>
         <load_address>0x11fb2</load_address>
         <run_address>0x11fb2</run_address>
         <size>0xe</size>
         <input_file_ref idref="fl-2"/>
      </object_component>
      <object_component id="oc-84b">
         <name>.text:LCD_C_clearBlinkingMemory</name>
         <load_address>0x11fc0</load_address>
         <run_address>0x11fc0</run_address>
         <size>0xc</size>
         <input_file_ref idref="fl-14"/>
      </object_component>
      <object_component id="oc-845">
         <name>.text:LCD_C_clearMemory</name>
         <load_address>0x11fcc</load_address>
         <run_address>0x11fcc</run_address>
         <size>0xc</size>
         <input_file_ref idref="fl-14"/>
      </object_component>
      <object_component id="oc-7b2">
         <name>.text</name>
         <load_address>0x11fd8</load_address>
         <run_address>0x11fd8</run_address>
         <size>0xa</size>
         <input_file_ref idref="fl-88"/>
      </object_component>
      <object_component id="oc-8e8">
         <name>.text</name>
         <load_address>0x11fe2</load_address>
         <run_address>0x11fe2</run_address>
         <size>0xa</size>
         <input_file_ref idref="fl-72"/>
      </object_component>
      <object_component id="oc-8dd">
         <name>.text</name>
         <load_address>0x11fec</load_address>
         <run_address>0x11fec</run_address>
         <size>0xa</size>
         <input_file_ref idref="fl-74"/>
      </object_component>
      <object_component id="oc-812">
         <name>.text:LCD_C_off</name>
         <load_address>0x11ff6</load_address>
         <run_address>0x11ff6</run_address>
         <size>0x6</size>
         <input_file_ref idref="fl-14"/>
      </object_component>
      <object_component id="oc-85d">
         <name>.text:LCD_C_on</name>
         <load_address>0x11ffc</load_address>
         <run_address>0x11ffc</run_address>
         <size>0x6</size>
         <input_file_ref idref="fl-14"/>
      </object_component>
      <object_component id="oc-735">
         <name>.text:abort</name>
         <load_address>0x12002</load_address>
         <run_address>0x12002</run_address>
         <size>0x6</size>
         <input_file_ref idref="fl-7f"/>
      </object_component>
      <object_component id="oc-6ab">
         <name>.text:_system_pre_init</name>
         <load_address>0x12008</load_address>
         <run_address>0x12008</run_address>
         <size>0x4</size>
         <input_file_ref idref="fl-7c"/>
      </object_component>
      <object_component id="oc-87a">
         <name>.text:_system_post_cinit</name>
         <load_address>0x1200c</load_address>
         <run_address>0x1200c</run_address>
         <size>0x2</size>
         <input_file_ref idref="fl-7b"/>
      </object_component>
      <object_component id="oc-688">
         <name>.data</name>
         <load_address>0x1c00</load_address>
         <run_address>0x1c00</run_address>
         <size>0x1a</size>
         <input_file_ref idref="fl-2"/>
      </object_component>
      <object_component id="oc-7f0">
         <name>.data</name>
         <load_address>0x1c1a</load_address>
         <run_address>0x1c1a</run_address>
         <size>0xe</size>
         <input_file_ref idref="fl-3"/>
      </object_component>
      <object_component id="oc-81e">
         <name>.data:initParams</name>
         <load_address>0x1c28</load_address>
         <run_address>0x1c28</run_address>
         <size>0xc</size>
         <input_file_ref idref="fl-5"/>
      </object_component>
      <object_component id="oc-8ca">
         <name>.data</name>
         <load_address>0x1c34</load_address>
         <run_address>0x1c34</run_address>
         <size>0x8</size>
         <input_file_ref idref="fl-b"/>
      </object_component>
      <object_component id="oc-7a9">
         <name>.data</name>
         <load_address>0x1c3c</load_address>
         <run_address>0x1c3c</run_address>
         <size>0x2</size>
         <input_file_ref idref="fl-8b"/>
      </object_component>
      <object_component id="oc-60d">
         <name>.stack</name>
         <uninitialized>true</uninitialized>
         <run_address>0x2360</run_address>
         <size>0x4</size>
         <input_file_ref idref="fl-77"/>
      </object_component>
      <object_component id="oc-9d8">
         <name>.stack</name>
         <uninitialized>true</uninitialized>
         <run_address>0x2360</run_address>
         <size>0x0</size>
      </object_component>
      <object_component id="oc-86">
         <name>.int27</name>
         <load_address>0xffc6</load_address>
         <run_address>0xffc6</run_address>
         <size>0x2</size>
         <input_file_ref idref="fl-4a"/>
      </object_component>
      <object_component id="oc-87">
         <name>.int28</name>
         <load_address>0xffc8</load_address>
         <run_address>0xffc8</run_address>
         <size>0x2</size>
         <input_file_ref idref="fl-4c"/>
      </object_component>
      <object_component id="oc-88">
         <name>.int29</name>
         <load_address>0xffca</load_address>
         <run_address>0xffca</run_address>
         <size>0x2</size>
         <input_file_ref idref="fl-4d"/>
      </object_component>
      <object_component id="oc-89">
         <name>.int30</name>
         <load_address>0xffcc</load_address>
         <run_address>0xffcc</run_address>
         <size>0x2</size>
         <input_file_ref idref="fl-4e"/>
      </object_component>
      <object_component id="oc-8a">
         <name>.int31</name>
         <load_address>0xffce</load_address>
         <run_address>0xffce</run_address>
         <size>0x2</size>
         <input_file_ref idref="fl-4f"/>
      </object_component>
      <object_component id="oc-8b">
         <name>.int32</name>
         <load_address>0xffd0</load_address>
         <run_address>0xffd0</run_address>
         <size>0x2</size>
         <input_file_ref idref="fl-50"/>
      </object_component>
      <object_component id="oc-8c">
         <name>.int33</name>
         <load_address>0xffd2</load_address>
         <run_address>0xffd2</run_address>
         <size>0x2</size>
         <input_file_ref idref="fl-51"/>
      </object_component>
      <object_component id="oc-8d">
         <name>.int34</name>
         <load_address>0xffd4</load_address>
         <run_address>0xffd4</run_address>
         <size>0x2</size>
         <input_file_ref idref="fl-52"/>
      </object_component>
      <object_component id="oc-8e">
         <name>.int35</name>
         <load_address>0xffd6</load_address>
         <run_address>0xffd6</run_address>
         <size>0x2</size>
         <input_file_ref idref="fl-53"/>
      </object_component>
      <object_component id="oc-8f">
         <name>.int36</name>
         <load_address>0xffd8</load_address>
         <run_address>0xffd8</run_address>
         <size>0x2</size>
         <input_file_ref idref="fl-54"/>
      </object_component>
      <object_component id="oc-90">
         <name>.int37</name>
         <load_address>0xffda</load_address>
         <run_address>0xffda</run_address>
         <size>0x2</size>
         <input_file_ref idref="fl-55"/>
      </object_component>
      <object_component id="oc-91">
         <name>.int38</name>
         <load_address>0xffdc</load_address>
         <run_address>0xffdc</run_address>
         <size>0x2</size>
         <input_file_ref idref="fl-56"/>
      </object_component>
      <object_component id="oc-92">
         <name>.int39</name>
         <load_address>0xffde</load_address>
         <run_address>0xffde</run_address>
         <size>0x2</size>
         <input_file_ref idref="fl-2"/>
      </object_component>
      <object_component id="oc-93">
         <name>.int40</name>
         <load_address>0xffe0</load_address>
         <run_address>0xffe0</run_address>
         <size>0x2</size>
         <input_file_ref idref="fl-57"/>
      </object_component>
      <object_component id="oc-94">
         <name>.int41</name>
         <load_address>0xffe2</load_address>
         <run_address>0xffe2</run_address>
         <size>0x2</size>
         <input_file_ref idref="fl-58"/>
      </object_component>
      <object_component id="oc-95">
         <name>.int42</name>
         <load_address>0xffe4</load_address>
         <run_address>0xffe4</run_address>
         <size>0x2</size>
         <input_file_ref idref="fl-59"/>
      </object_component>
      <object_component id="oc-96">
         <name>.int43</name>
         <load_address>0xffe6</load_address>
         <run_address>0xffe6</run_address>
         <size>0x2</size>
         <input_file_ref idref="fl-5a"/>
      </object_component>
      <object_component id="oc-97">
         <name>.int44</name>
         <load_address>0xffe8</load_address>
         <run_address>0xffe8</run_address>
         <size>0x2</size>
         <input_file_ref idref="fl-5b"/>
      </object_component>
      <object_component id="oc-98">
         <name>.int45</name>
         <load_address>0xffea</load_address>
         <run_address>0xffea</run_address>
         <size>0x2</size>
         <input_file_ref idref="fl-2"/>
      </object_component>
      <object_component id="oc-99">
         <name>.int46</name>
         <load_address>0xffec</load_address>
         <run_address>0xffec</run_address>
         <size>0x2</size>
         <input_file_ref idref="fl-5c"/>
      </object_component>
      <object_component id="oc-9a">
         <name>.int47</name>
         <load_address>0xffee</load_address>
         <run_address>0xffee</run_address>
         <size>0x2</size>
         <input_file_ref idref="fl-5d"/>
      </object_component>
      <object_component id="oc-9b">
         <name>.int48</name>
         <load_address>0xfff0</load_address>
         <run_address>0xfff0</run_address>
         <size>0x2</size>
         <input_file_ref idref="fl-5e"/>
      </object_component>
      <object_component id="oc-9c">
         <name>.int49</name>
         <load_address>0xfff2</load_address>
         <run_address>0xfff2</run_address>
         <size>0x2</size>
         <input_file_ref idref="fl-5f"/>
      </object_component>
      <object_component id="oc-9d">
         <name>.int50</name>
         <load_address>0xfff4</load_address>
         <run_address>0xfff4</run_address>
         <size>0x2</size>
         <input_file_ref idref="fl-60"/>
      </object_component>
      <object_component id="oc-9e">
         <name>.int51</name>
         <load_address>0xfff6</load_address>
         <run_address>0xfff6</run_address>
         <size>0x2</size>
         <input_file_ref idref="fl-61"/>
      </object_component>
      <object_component id="oc-9f">
         <name>.int52</name>
         <load_address>0xfff8</load_address>
         <run_address>0xfff8</run_address>
         <size>0x2</size>
         <input_file_ref idref="fl-62"/>
      </object_component>
      <object_component id="oc-a0">
         <name>.int53</name>
         <load_address>0xfffa</load_address>
         <run_address>0xfffa</run_address>
         <size>0x2</size>
         <input_file_ref idref="fl-63"/>
      </object_component>
      <object_component id="oc-a1">
         <name>.int54</name>
         <load_address>0xfffc</load_address>
         <run_address>0xfffc</run_address>
         <size>0x2</size>
         <input_file_ref idref="fl-64"/>
      </object_component>
      <object_component id="oc-610">
         <name>.reset</name>
         <load_address>0xfffe</load_address>
         <run_address>0xfffe</run_address>
         <size>0x2</size>
         <input_file_ref idref="fl-77"/>
      </object_component>
      <object_component id="oc-6dd">
         <name>.debug_info</name>
         <load_address>0x0</load_address>
         <run_address>0x0</run_address>
         <size>0x40d</size>
         <input_file_ref idref="fl-2"/>
      </object_component>
      <object_component id="oc-689">
         <name>.debug_info</name>
         <load_address>0x40d</load_address>
         <run_address>0x40d</run_address>
         <size>0x1a5</size>
         <input_file_ref idref="fl-2"/>
      </object_component>
      <object_component id="oc-72f">
         <name>.debug_info</name>
         <load_address>0x5b2</load_address>
         <run_address>0x5b2</run_address>
         <size>0xf6</size>
         <input_file_ref idref="fl-2"/>
      </object_component>
      <object_component id="oc-723">
         <name>.debug_info</name>
         <load_address>0x6a8</load_address>
         <run_address>0x6a8</run_address>
         <size>0xfb</size>
         <input_file_ref idref="fl-2"/>
      </object_component>
      <object_component id="oc-71d">
         <name>.debug_info</name>
         <load_address>0x7a3</load_address>
         <run_address>0x7a3</run_address>
         <size>0x107</size>
         <input_file_ref idref="fl-2"/>
      </object_component>
      <object_component id="oc-729">
         <name>.debug_info</name>
         <load_address>0x8aa</load_address>
         <run_address>0x8aa</run_address>
         <size>0x108</size>
         <input_file_ref idref="fl-2"/>
      </object_component>
      <object_component id="oc-68c">
         <name>.debug_info</name>
         <load_address>0x9b2</load_address>
         <run_address>0x9b2</run_address>
         <size>0x16e</size>
         <input_file_ref idref="fl-2"/>
      </object_component>
      <object_component id="oc-6b2">
         <name>.debug_info</name>
         <load_address>0xb20</load_address>
         <run_address>0xb20</run_address>
         <size>0x16b</size>
         <input_file_ref idref="fl-2"/>
      </object_component>
      <object_component id="oc-62f">
         <name>.debug_info</name>
         <load_address>0xc8b</load_address>
         <run_address>0xc8b</run_address>
         <size>0x128</size>
         <input_file_ref idref="fl-2"/>
      </object_component>
      <object_component id="oc-635">
         <name>.debug_info</name>
         <load_address>0xdb3</load_address>
         <run_address>0xdb3</run_address>
         <size>0x19a</size>
         <input_file_ref idref="fl-2"/>
      </object_component>
      <object_component id="oc-776">
         <name>.debug_info</name>
         <load_address>0xf4d</load_address>
         <run_address>0xf4d</run_address>
         <size>0x48</size>
         <input_file_ref idref="fl-2"/>
      </object_component>
      <object_component id="oc-77b">
         <name>.debug_info</name>
         <load_address>0xf95</load_address>
         <run_address>0xf95</run_address>
         <size>0x26b</size>
         <input_file_ref idref="fl-2"/>
      </object_component>
      <object_component id="oc-7d3">
         <name>.debug_info</name>
         <load_address>0x1200</load_address>
         <run_address>0x1200</run_address>
         <size>0xb2</size>
         <input_file_ref idref="fl-2"/>
      </object_component>
      <object_component id="oc-6d6">
         <name>.debug_info</name>
         <load_address>0x12b2</load_address>
         <run_address>0x12b2</run_address>
         <size>0x8b</size>
         <input_file_ref idref="fl-2"/>
      </object_component>
      <object_component id="oc-702">
         <name>.debug_info</name>
         <load_address>0x133d</load_address>
         <run_address>0x133d</run_address>
         <size>0x282</size>
         <input_file_ref idref="fl-2"/>
      </object_component>
      <object_component id="oc-69e">
         <name>.debug_info</name>
         <load_address>0x15bf</load_address>
         <run_address>0x15bf</run_address>
         <size>0xbb</size>
         <input_file_ref idref="fl-2"/>
      </object_component>
      <object_component id="oc-7f1">
         <name>.debug_info</name>
         <load_address>0x167a</load_address>
         <run_address>0x167a</run_address>
         <size>0x15d</size>
         <input_file_ref idref="fl-3"/>
      </object_component>
      <object_component id="oc-711">
         <name>.debug_info</name>
         <load_address>0x17d7</load_address>
         <run_address>0x17d7</run_address>
         <size>0x233</size>
         <input_file_ref idref="fl-3"/>
      </object_component>
      <object_component id="oc-70b">
         <name>.debug_info</name>
         <load_address>0x1a0a</load_address>
         <run_address>0x1a0a</run_address>
         <size>0x130</size>
         <input_file_ref idref="fl-4"/>
      </object_component>
      <object_component id="oc-700">
         <name>.debug_info</name>
         <load_address>0x1b3a</load_address>
         <run_address>0x1b3a</run_address>
         <size>0x577</size>
         <input_file_ref idref="fl-5"/>
      </object_component>
      <object_component id="oc-7c2">
         <name>.debug_info</name>
         <load_address>0x20b1</load_address>
         <run_address>0x20b1</run_address>
         <size>0xd4</size>
         <input_file_ref idref="fl-5"/>
      </object_component>
      <object_component id="oc-7ce">
         <name>.debug_info</name>
         <load_address>0x2185</load_address>
         <run_address>0x2185</run_address>
         <size>0xca</size>
         <input_file_ref idref="fl-5"/>
      </object_component>
      <object_component id="oc-7c5">
         <name>.debug_info</name>
         <load_address>0x224f</load_address>
         <run_address>0x224f</run_address>
         <size>0xd6</size>
         <input_file_ref idref="fl-5"/>
      </object_component>
      <object_component id="oc-81f">
         <name>.debug_info</name>
         <load_address>0x2325</load_address>
         <run_address>0x2325</run_address>
         <size>0xd4</size>
         <input_file_ref idref="fl-5"/>
      </object_component>
      <object_component id="oc-6fa">
         <name>.debug_info</name>
         <load_address>0x23f9</load_address>
         <run_address>0x23f9</run_address>
         <size>0x2b0</size>
         <input_file_ref idref="fl-5"/>
      </object_component>
      <object_component id="oc-717">
         <name>.debug_info</name>
         <load_address>0x26a9</load_address>
         <run_address>0x26a9</run_address>
         <size>0x280</size>
         <input_file_ref idref="fl-5"/>
      </object_component>
      <object_component id="oc-692">
         <name>.debug_info</name>
         <load_address>0x2929</load_address>
         <run_address>0x2929</run_address>
         <size>0x32b</size>
         <input_file_ref idref="fl-5"/>
      </object_component>
      <object_component id="oc-680">
         <name>.debug_info</name>
         <load_address>0x2c54</load_address>
         <run_address>0x2c54</run_address>
         <size>0x2c</size>
         <input_file_ref idref="fl-5"/>
      </object_component>
      <object_component id="oc-7d8">
         <name>.debug_info</name>
         <load_address>0x2c80</load_address>
         <run_address>0x2c80</run_address>
         <size>0x35</size>
         <input_file_ref idref="fl-5"/>
      </object_component>
      <object_component id="oc-617">
         <name>.debug_info</name>
         <load_address>0x2cb5</load_address>
         <run_address>0x2cb5</run_address>
         <size>0x84</size>
         <input_file_ref idref="fl-7"/>
      </object_component>
      <object_component id="oc-8cb">
         <name>.debug_info</name>
         <load_address>0x2d39</load_address>
         <run_address>0x2d39</run_address>
         <size>0x14a</size>
         <input_file_ref idref="fl-b"/>
      </object_component>
      <object_component id="oc-800">
         <name>.debug_info</name>
         <load_address>0x2e83</load_address>
         <run_address>0x2e83</run_address>
         <size>0x1d6</size>
         <input_file_ref idref="fl-b"/>
      </object_component>
      <object_component id="oc-7e5">
         <name>.debug_info</name>
         <load_address>0x3059</load_address>
         <run_address>0x3059</run_address>
         <size>0x226</size>
         <input_file_ref idref="fl-b"/>
      </object_component>
      <object_component id="oc-806">
         <name>.debug_info</name>
         <load_address>0x327f</load_address>
         <run_address>0x327f</run_address>
         <size>0x193</size>
         <input_file_ref idref="fl-b"/>
      </object_component>
      <object_component id="oc-80c">
         <name>.debug_info</name>
         <load_address>0x3412</load_address>
         <run_address>0x3412</run_address>
         <size>0x24e</size>
         <input_file_ref idref="fl-b"/>
      </object_component>
      <object_component id="oc-93d">
         <name>.debug_info</name>
         <load_address>0x3660</load_address>
         <run_address>0x3660</run_address>
         <size>0x2fa</size>
         <input_file_ref idref="fl-b"/>
      </object_component>
      <object_component id="oc-8cf">
         <name>.debug_info</name>
         <load_address>0x395a</load_address>
         <run_address>0x395a</run_address>
         <size>0x2ee</size>
         <input_file_ref idref="fl-b"/>
      </object_component>
      <object_component id="oc-7f4">
         <name>.debug_info</name>
         <load_address>0x3c48</load_address>
         <run_address>0x3c48</run_address>
         <size>0x1be</size>
         <input_file_ref idref="fl-b"/>
      </object_component>
      <object_component id="oc-7fa">
         <name>.debug_info</name>
         <load_address>0x3e06</load_address>
         <run_address>0x3e06</run_address>
         <size>0x170</size>
         <input_file_ref idref="fl-b"/>
      </object_component>
      <object_component id="oc-7eb">
         <name>.debug_info</name>
         <load_address>0x3f76</load_address>
         <run_address>0x3f76</run_address>
         <size>0x1b8</size>
         <input_file_ref idref="fl-b"/>
      </object_component>
      <object_component id="oc-934">
         <name>.debug_info</name>
         <load_address>0x412e</load_address>
         <run_address>0x412e</run_address>
         <size>0x16c</size>
         <input_file_ref idref="fl-13"/>
      </object_component>
      <object_component id="oc-8c7">
         <name>.debug_info</name>
         <load_address>0x429a</load_address>
         <run_address>0x429a</run_address>
         <size>0xfa</size>
         <input_file_ref idref="fl-13"/>
      </object_component>
      <object_component id="oc-7de">
         <name>.debug_info</name>
         <load_address>0x4394</load_address>
         <run_address>0x4394</run_address>
         <size>0x251</size>
         <input_file_ref idref="fl-13"/>
      </object_component>
      <object_component id="oc-8f1">
         <name>.debug_info</name>
         <load_address>0x45e5</load_address>
         <run_address>0x45e5</run_address>
         <size>0x165</size>
         <input_file_ref idref="fl-14"/>
      </object_component>
      <object_component id="oc-82e">
         <name>.debug_info</name>
         <load_address>0x474a</load_address>
         <run_address>0x474a</run_address>
         <size>0x1ce</size>
         <input_file_ref idref="fl-14"/>
      </object_component>
      <object_component id="oc-828">
         <name>.debug_info</name>
         <load_address>0x4918</load_address>
         <run_address>0x4918</run_address>
         <size>0x24c</size>
         <input_file_ref idref="fl-14"/>
      </object_component>
      <object_component id="oc-8e3">
         <name>.debug_info</name>
         <load_address>0x4b64</load_address>
         <run_address>0x4b64</run_address>
         <size>0x1c0</size>
         <input_file_ref idref="fl-14"/>
      </object_component>
      <object_component id="oc-819">
         <name>.debug_info</name>
         <load_address>0x4d24</load_address>
         <run_address>0x4d24</run_address>
         <size>0x327</size>
         <input_file_ref idref="fl-14"/>
      </object_component>
      <object_component id="oc-7c8">
         <name>.debug_info</name>
         <load_address>0x504b</load_address>
         <run_address>0x504b</run_address>
         <size>0x1dd</size>
         <input_file_ref idref="fl-14"/>
      </object_component>
      <object_component id="oc-858">
         <name>.debug_info</name>
         <load_address>0x5228</load_address>
         <run_address>0x5228</run_address>
         <size>0x224</size>
         <input_file_ref idref="fl-14"/>
      </object_component>
      <object_component id="oc-852">
         <name>.debug_info</name>
         <load_address>0x544c</load_address>
         <run_address>0x544c</run_address>
         <size>0x1f0</size>
         <input_file_ref idref="fl-14"/>
      </object_component>
      <object_component id="oc-83a">
         <name>.debug_info</name>
         <load_address>0x563c</load_address>
         <run_address>0x563c</run_address>
         <size>0x1ec</size>
         <input_file_ref idref="fl-14"/>
      </object_component>
      <object_component id="oc-85e">
         <name>.debug_info</name>
         <load_address>0x5828</load_address>
         <run_address>0x5828</run_address>
         <size>0x188</size>
         <input_file_ref idref="fl-14"/>
      </object_component>
      <object_component id="oc-813">
         <name>.debug_info</name>
         <load_address>0x59b0</load_address>
         <run_address>0x59b0</run_address>
         <size>0x18a</size>
         <input_file_ref idref="fl-14"/>
      </object_component>
      <object_component id="oc-822">
         <name>.debug_info</name>
         <load_address>0x5b3a</load_address>
         <run_address>0x5b3a</run_address>
         <size>0x1c6</size>
         <input_file_ref idref="fl-14"/>
      </object_component>
      <object_component id="oc-834">
         <name>.debug_info</name>
         <load_address>0x5d00</load_address>
         <run_address>0x5d00</run_address>
         <size>0x1a4</size>
         <input_file_ref idref="fl-14"/>
      </object_component>
      <object_component id="oc-840">
         <name>.debug_info</name>
         <load_address>0x5ea4</load_address>
         <run_address>0x5ea4</run_address>
         <size>0x1ed</size>
         <input_file_ref idref="fl-14"/>
      </object_component>
      <object_component id="oc-846">
         <name>.debug_info</name>
         <load_address>0x6091</load_address>
         <run_address>0x6091</run_address>
         <size>0x17b</size>
         <input_file_ref idref="fl-14"/>
      </object_component>
      <object_component id="oc-84c">
         <name>.debug_info</name>
         <load_address>0x620c</load_address>
         <run_address>0x620c</run_address>
         <size>0x18b</size>
         <input_file_ref idref="fl-14"/>
      </object_component>
      <object_component id="oc-67d">
         <name>.debug_info</name>
         <load_address>0x6397</load_address>
         <run_address>0x6397</run_address>
         <size>0x17b</size>
         <input_file_ref idref="fl-48"/>
      </object_component>
      <object_component id="oc-7e">
         <name>.debug_info</name>
         <load_address>0x6512</load_address>
         <run_address>0x6512</run_address>
         <size>0x250</size>
         <input_file_ref idref="fl-48"/>
      </object_component>
      <object_component id="oc-612">
         <name>.debug_info</name>
         <load_address>0x6762</load_address>
         <run_address>0x6762</run_address>
         <size>0x60</size>
         <input_file_ref idref="fl-48"/>
      </object_component>
      <object_component id="oc-6cd">
         <name>.debug_info</name>
         <load_address>0x67c2</load_address>
         <run_address>0x67c2</run_address>
         <size>0x46</size>
         <input_file_ref idref="fl-48"/>
      </object_component>
      <object_component id="oc-678">
         <name>.debug_info</name>
         <load_address>0x6808</load_address>
         <run_address>0x6808</run_address>
         <size>0x39</size>
         <input_file_ref idref="fl-48"/>
      </object_component>
      <object_component id="oc-628">
         <name>.debug_info</name>
         <load_address>0x6841</load_address>
         <run_address>0x6841</run_address>
         <size>0x18f</size>
         <input_file_ref idref="fl-49"/>
      </object_component>
      <object_component id="oc-81">
         <name>.debug_info</name>
         <load_address>0x69d0</load_address>
         <run_address>0x69d0</run_address>
         <size>0x1d3</size>
         <input_file_ref idref="fl-49"/>
      </object_component>
      <object_component id="oc-623">
         <name>.debug_info</name>
         <load_address>0x6ba3</load_address>
         <run_address>0x6ba3</run_address>
         <size>0x46</size>
         <input_file_ref idref="fl-49"/>
      </object_component>
      <object_component id="oc-62c">
         <name>.debug_info</name>
         <load_address>0x6be9</load_address>
         <run_address>0x6be9</run_address>
         <size>0x10f</size>
         <input_file_ref idref="fl-4b"/>
      </object_component>
      <object_component id="oc-943">
         <name>.debug_info</name>
         <load_address>0x6cf8</load_address>
         <run_address>0x6cf8</run_address>
         <size>0x135</size>
         <input_file_ref idref="fl-66"/>
      </object_component>
      <object_component id="oc-938">
         <name>.debug_info</name>
         <load_address>0x6e2d</load_address>
         <run_address>0x6e2d</run_address>
         <size>0x138</size>
         <input_file_ref idref="fl-67"/>
      </object_component>
      <object_component id="oc-95f">
         <name>.debug_info</name>
         <load_address>0x6f65</load_address>
         <run_address>0x6f65</run_address>
         <size>0x121</size>
         <input_file_ref idref="fl-68"/>
      </object_component>
      <object_component id="oc-6f5">
         <name>.debug_info</name>
         <load_address>0x7086</load_address>
         <run_address>0x7086</run_address>
         <size>0x123</size>
         <input_file_ref idref="fl-69"/>
      </object_component>
      <object_component id="oc-6ef">
         <name>.debug_info</name>
         <load_address>0x71a9</load_address>
         <run_address>0x71a9</run_address>
         <size>0x132</size>
         <input_file_ref idref="fl-6a"/>
      </object_component>
      <object_component id="oc-6df">
         <name>.debug_info</name>
         <load_address>0x72db</load_address>
         <run_address>0x72db</run_address>
         <size>0x127</size>
         <input_file_ref idref="fl-6b"/>
      </object_component>
      <object_component id="oc-6ea">
         <name>.debug_info</name>
         <load_address>0x7402</load_address>
         <run_address>0x7402</run_address>
         <size>0x121</size>
         <input_file_ref idref="fl-6c"/>
      </object_component>
      <object_component id="oc-8e9">
         <name>.debug_info</name>
         <load_address>0x7523</load_address>
         <run_address>0x7523</run_address>
         <size>0x120</size>
         <input_file_ref idref="fl-72"/>
      </object_component>
      <object_component id="oc-8de">
         <name>.debug_info</name>
         <load_address>0x7643</load_address>
         <run_address>0x7643</run_address>
         <size>0x120</size>
         <input_file_ref idref="fl-74"/>
      </object_component>
      <object_component id="oc-699">
         <name>.debug_info</name>
         <load_address>0x7763</load_address>
         <run_address>0x7763</run_address>
         <size>0x126</size>
         <input_file_ref idref="fl-75"/>
      </object_component>
      <object_component id="oc-60e">
         <name>.debug_info</name>
         <load_address>0x7889</load_address>
         <run_address>0x7889</run_address>
         <size>0x100</size>
         <input_file_ref idref="fl-77"/>
      </object_component>
      <object_component id="oc-665">
         <name>.debug_info</name>
         <load_address>0x7989</load_address>
         <run_address>0x7989</run_address>
         <size>0x193</size>
         <input_file_ref idref="fl-77"/>
      </object_component>
      <object_component id="oc-6c4">
         <name>.debug_info</name>
         <load_address>0x7b1c</load_address>
         <run_address>0x7b1c</run_address>
         <size>0xf2</size>
         <input_file_ref idref="fl-78"/>
      </object_component>
      <object_component id="oc-881">
         <name>.debug_info</name>
         <load_address>0x7c0e</load_address>
         <run_address>0x7c0e</run_address>
         <size>0x3fc</size>
         <input_file_ref idref="fl-7a"/>
      </object_component>
      <object_component id="oc-75a">
         <name>.debug_info</name>
         <load_address>0x800a</load_address>
         <run_address>0x800a</run_address>
         <size>0x230</size>
         <input_file_ref idref="fl-7a"/>
      </object_component>
      <object_component id="oc-913">
         <name>.debug_info</name>
         <load_address>0x823a</load_address>
         <run_address>0x823a</run_address>
         <size>0x39</size>
         <input_file_ref idref="fl-7a"/>
      </object_component>
      <object_component id="oc-924">
         <name>.debug_info</name>
         <load_address>0x8273</load_address>
         <run_address>0x8273</run_address>
         <size>0x2c</size>
         <input_file_ref idref="fl-7a"/>
      </object_component>
      <object_component id="oc-88c">
         <name>.debug_info</name>
         <load_address>0x829f</load_address>
         <run_address>0x829f</run_address>
         <size>0x2c</size>
         <input_file_ref idref="fl-7a"/>
      </object_component>
      <object_component id="oc-918">
         <name>.debug_info</name>
         <load_address>0x82cb</load_address>
         <run_address>0x82cb</run_address>
         <size>0xcd</size>
         <input_file_ref idref="fl-7a"/>
      </object_component>
      <object_component id="oc-87b">
         <name>.debug_info</name>
         <load_address>0x8398</load_address>
         <run_address>0x8398</run_address>
         <size>0x150</size>
         <input_file_ref idref="fl-7b"/>
      </object_component>
      <object_component id="oc-6ac">
         <name>.debug_info</name>
         <load_address>0x84e8</load_address>
         <run_address>0x84e8</run_address>
         <size>0x153</size>
         <input_file_ref idref="fl-7c"/>
      </object_component>
      <object_component id="oc-736">
         <name>.debug_info</name>
         <load_address>0x863b</load_address>
         <run_address>0x863b</run_address>
         <size>0x122</size>
         <input_file_ref idref="fl-7f"/>
      </object_component>
      <object_component id="oc-67f">
         <name>.debug_info</name>
         <load_address>0x875d</load_address>
         <run_address>0x875d</run_address>
         <size>0x19a</size>
         <input_file_ref idref="fl-82"/>
      </object_component>
      <object_component id="oc-61d">
         <name>.debug_info</name>
         <load_address>0x88f7</load_address>
         <run_address>0x88f7</run_address>
         <size>0x17a</size>
         <input_file_ref idref="fl-82"/>
      </object_component>
      <object_component id="oc-7bd">
         <name>.debug_info</name>
         <load_address>0x8a71</load_address>
         <run_address>0x8a71</run_address>
         <size>0x1e5</size>
         <input_file_ref idref="fl-83"/>
      </object_component>
      <object_component id="oc-797">
         <name>.debug_info</name>
         <load_address>0x8c56</load_address>
         <run_address>0x8c56</run_address>
         <size>0xf9</size>
         <input_file_ref idref="fl-83"/>
      </object_component>
      <object_component id="oc-79f">
         <name>.debug_info</name>
         <load_address>0x8d4f</load_address>
         <run_address>0x8d4f</run_address>
         <size>0xfd</size>
         <input_file_ref idref="fl-83"/>
      </object_component>
      <object_component id="oc-7a2">
         <name>.debug_info</name>
[...]
         <value>0x1c04</value>
         <object_component_ref idref="oc-688"/>
      </symbol>
      <symbol id="sm-64b">
         <name>ADC_SETUP</name>
         <value>0x11e68</value>
         <object_component_ref idref="oc-722"/>
      </symbol>
      <symbol id="sm-64c">
         <name>distance</name>
         <value>0x1c00</value>
         <object_component_ref idref="oc-688"/>
      </symbol>
      <symbol id="sm-64d">
         <name>main</name>
         <value>0x11cac</value>
         <object_component_ref idref="oc-6b1"/>
      </symbol>
      <symbol id="sm-64e">
         <name>raw_off</name>
         <value>0x1c08</value>
         <object_component_ref idref="oc-688"/>
      </symbol>
      <symbol id="sm-64f">
         <name>raw_to_cm</name>
         <value>0x11ce6</value>
         <object_component_ref idref="oc-68b"/>
      </symbol>
      <symbol id="sm-650">
         <name>SMCLK_SetTo1MHz</name>
         <value>0x11daa</value>
         <object_component_ref idref="oc-71c"/>
      </symbol>
      <symbol id="sm-660">
         <name>returnValue</name>
         <value>0x1c26</value>
         <object_component_ref idref="oc-7f0"/>
      </symbol>
      <symbol id="sm-661">
         <name>mySMCLK</name>
         <value>0x1c1e</value>
         <object_component_ref idref="oc-7f0"/>
      </symbol>
      <symbol id="sm-662">
         <name>myMCLK</name>
         <value>0x1c22</value>
         <object_component_ref idref="oc-7f0"/>
      </symbol>
      <symbol id="sm-663">
         <name>myACLK</name>
         <value>0x1c1a</value>
         <object_component_ref idref="oc-7f0"/>
      </symbol>
      <symbol id="sm-664">
         <name>bReturn</name>
         <value>0x1c27</value>
         <object_component_ref idref="oc-7f0"/>
      </symbol>
      <symbol id="sm-665">
         <name>initClocks</name>
         <value>0x11604</value>
         <object_component_ref idref="oc-710"/>
      </symbol>
      <symbol id="sm-66e">
         <name>initGPIO</name>
         <value>0x11c72</value>
         <object_component_ref idref="oc-70a"/>
      </symbol>
      <symbol id="sm-6b1">
         <name>myLCD_displayNumber</name>
         <value>0x10c56</value>
         <object_component_ref idref="oc-691"/>
      </symbol>
      <symbol id="sm-6b2">
         <name>initParams</name>
         <value>0x1c28</value>
         <object_component_ref idref="oc-81e"/>
      </symbol>
      <symbol id="sm-6b3">
         <name>myLCD_showChar</name>
         <value>0x10a74</value>
         <object_component_ref idref="oc-6f9"/>
      </symbol>
      <symbol id="sm-6b4">
         <name>alphabetBig</name>
         <value>0x4654</value>
         <object_component_ref idref="oc-7c4"/>
      </symbol>
      <symbol id="sm-6b5">
         <name>SegmentLoc</name>
         <value>0x46a4</value>
         <object_component_ref idref="oc-7c1"/>
      </symbol>
      <symbol id="sm-6b6">
         <name>digit</name>
         <value>0x46bc</value>
         <object_component_ref idref="oc-7cd"/>
      </symbol>
      <symbol id="sm-6b7">
         <name>myLCD_init</name>
         <value>0x11564</value>
         <object_component_ref idref="oc-716"/>
      </symbol>
      <symbol id="sm-72d">
         <name>CS_setDCOFreq</name>
         <value>0x11f3c</value>
         <object_component_ref idref="oc-805"/>
      </symbol>
      <symbol id="sm-72e">
         <name>CS_getACLK</name>
         <value>0x11e2e</value>
         <object_component_ref idref="oc-7ea"/>
      </symbol>
      <symbol id="sm-72f">
         <name>CS_turnOnLFXTWithTimeout</name>
         <value>0x1197c</value>
         <object_component_ref idref="oc-7ff"/>
      </symbol>
      <symbol id="sm-730">
         <name>CS_getMCLK</name>
         <value>0x11ee8</value>
         <object_component_ref idref="oc-7f9"/>
      </symbol>
      <symbol id="sm-731">
         <name>CS_setExternalClockSource</name>
         <value>0x11f4e</value>
         <object_component_ref idref="oc-7e4"/>
      </symbol>
      <symbol id="sm-732">
         <name>CS_getSMCLK</name>
         <value>0x11e82</value>
         <object_component_ref idref="oc-7f3"/>
      </symbol>
      <symbol id="sm-733">
         <name>CS_initClockSignal</name>
         <value>0x11916</value>
         <object_component_ref idref="oc-80b"/>
      </symbol>
      <symbol id="sm-750">
         <name>GPIO_setAsPeripheralModuleFunctionInputPin</name>
         <value>0x11832</value>
         <object_component_ref idref="oc-7dd"/>
      </symbol>
      <symbol id="sm-7ca">
         <name>LCD_C_on</name>
         <value>0x11ffc</value>
         <object_component_ref idref="oc-85d"/>
      </symbol>
      <symbol id="sm-7cb">
         <name>LCD_C_selectDisplayMemory</name>
         <value>0x11ed0</value>
         <object_component_ref idref="oc-851"/>
      </symbol>
      <symbol id="sm-7cc">
         <name>LCD_C_setVLCDSource</name>
         <value>0x11a80</value>
         <object_component_ref idref="oc-827"/>
      </symbol>
      <symbol id="sm-7cd">
         <name>LCD_C_off</name>
         <value>0x11ff6</value>
         <object_component_ref idref="oc-812"/>
      </symbol>
      <symbol id="sm-7ce">
         <name>LCD_C_setVLCDVoltage</name>
         <value>0x11eb6</value>
         <object_component_ref idref="oc-82d"/>
      </symbol>
      <symbol id="sm-7cf">
         <name>LCD_C_enableChargePump</name>
         <value>0x11fa4</value>
         <object_component_ref idref="oc-833"/>
      </symbol>
      <symbol id="sm-7d0">
         <name>LCD_C_setPinAsLCDFunctionEx</name>
         <value>0x11732</value>
         <object_component_ref idref="oc-818"/>
      </symbol>
      <symbol id="sm-7d1">
         <name>LCD_C_clearBlinkingMemory</name>
         <value>0x11fc0</value>
         <object_component_ref idref="oc-84b"/>
      </symbol>
      <symbol id="sm-7d2">
         <name>LCD_C_init</name>
         <value>0x11d50</value>
         <object_component_ref idref="oc-821"/>
      </symbol>
      <symbol id="sm-7d3">
         <name>LCD_C_clearMemory</name>
         <value>0x11fcc</value>
         <object_component_ref idref="oc-845"/>
      </symbol>
      <symbol id="sm-7d4">
         <name>LCD_C_configChargePump</name>
         <value>0x11d7e</value>
         <object_component_ref idref="oc-83f"/>
      </symbol>
      <symbol id="sm-7d5">
         <name>LCD_C_setBlinkingControl</name>
         <value>0x11e4c</value>
         <object_component_ref idref="oc-857"/>
      </symbol>
      <symbol id="sm-7d6">
         <name>LCD_C_setMemory</name>
         <value>0x118a4</value>
         <object_component_ref idref="oc-7c7"/>
      </symbol>
      <symbol id="sm-7d7">
         <name>LCD_C_selectChargePumpReference</name>
         <value>0x11e9c</value>
         <object_component_ref idref="oc-839"/>
      </symbol>
      <symbol id="sm-807">
         <name>__TI_decompress_lzss</name>
         <value>0x117bc</value>
         <object_component_ref idref="oc-7a"/>
      </symbol>
      <symbol id="sm-818">
         <name>__TI_decompress_none</name>
         <value>0x11f72</value>
         <object_component_ref idref="oc-80"/>
      </symbol>
      <symbol id="sm-81b">
         <name>__TI_int27</name>
         <value>0xffc6</value>
         <object_component_ref idref="oc-86"/>
      </symbol>
      <symbol id="sm-823">
         <name>__TI_ISR_TRAP</name>
         <value>0x458c</value>
         <object_component_ref idref="oc-629"/>
      </symbol>
      <symbol id="sm-826">
         <name>__TI_int28</name>
         <value>0xffc8</value>
         <object_component_ref idref="oc-87"/>
      </symbol>
      <symbol id="sm-829">
         <name>__TI_int29</name>
         <value>0xffca</value>
         <object_component_ref idref="oc-88"/>
      </symbol>
      <symbol id="sm-82c">
         <name>__TI_int30</name>
         <value>0xffcc</value>
         <object_component_ref idref="oc-89"/>
      </symbol>
      <symbol id="sm-82f">
         <name>__TI_int31</name>
         <value>0xffce</value>
         <object_component_ref idref="oc-8a"/>
      </symbol>
      <symbol id="sm-832">
         <name>__TI_int32</name>
         <value>0xffd0</value>
         <object_component_ref idref="oc-8b"/>
      </symbol>
      <symbol id="sm-835">
         <name>__TI_int33</name>
         <value>0xffd2</value>
         <object_component_ref idref="oc-8c"/>
      </symbol>
      <symbol id="sm-838">
         <name>__TI_int34</name>
         <value>0xffd4</value>
         <object_component_ref idref="oc-8d"/>
      </symbol>
      <symbol id="sm-83b">
         <name>__TI_int35</name>
         <value>0xffd6</value>
         <object_component_ref idref="oc-8e"/>
      </symbol>
      <symbol id="sm-83e">
         <name>__TI_int36</name>
         <value>0xffd8</value>
         <object_component_ref idref="oc-8f"/>
      </symbol>
      <symbol id="sm-841">
         <name>__TI_int37</name>
         <value>0xffda</value>
         <object_component_ref idref="oc-90"/>
      </symbol>
      <symbol id="sm-844">
         <name>__TI_int38</name>
         <value>0xffdc</value>
         <object_component_ref idref="oc-91"/>
      </symbol>
      <symbol id="sm-847">
         <name>__TI_int40</name>
         <value>0xffe0</value>
         <object_component_ref idref="oc-93"/>
      </symbol>
      <symbol id="sm-84a">
         <name>__TI_int41</name>
         <value>0xffe2</value>
         <object_component_ref idref="oc-94"/>
      </symbol>
      <symbol id="sm-84d">
         <name>__TI_int42</name>
         <value>0xffe4</value>
         <object_component_ref idref="oc-95"/>
      </symbol>
      <symbol id="sm-850">
         <name>__TI_int43</name>
         <value>0xffe6</value>
         <object_component_ref idref="oc-96"/>
      </symbol>
      <symbol id="sm-853">
         <name>__TI_int44</name>
         <value>0xffe8</value>
         <object_component_ref idref="oc-97"/>
      </symbol>
      <symbol id="sm-856">
         <name>__TI_int46</name>
         <value>0xffec</value>
         <object_component_ref idref="oc-99"/>
      </symbol>
      <symbol id="sm-859">
         <name>__TI_int47</name>
         <value>0xffee</value>
         <object_component_ref idref="oc-9a"/>
      </symbol>
      <symbol id="sm-85c">
         <name>__TI_int48</name>
         <value>0xfff0</value>
         <object_component_ref idref="oc-9b"/>
      </symbol>
      <symbol id="sm-85f">
         <name>__TI_int49</name>
         <value>0xfff2</value>
         <object_component_ref idref="oc-9c"/>
      </symbol>
      <symbol id="sm-862">
         <name>__TI_int50</name>
         <value>0xfff4</value>
         <object_component_ref idref="oc-9d"/>
      </symbol>
      <symbol id="sm-865">
         <name>__TI_int51</name>
         <value>0xfff6</value>
         <object_component_ref idref="oc-9e"/>
      </symbol>
      <symbol id="sm-868">
         <name>__TI_int52</name>
         <value>0xfff8</value>
         <object_component_ref idref="oc-9f"/>
      </symbol>
      <symbol id="sm-86b">
         <name>__TI_int53</name>
         <value>0xfffa</value>
         <object_component_ref idref="oc-a0"/>
      </symbol>
      <symbol id="sm-86e">
         <name>__TI_int54</name>
         <value>0xfffc</value>
         <object_component_ref idref="oc-a1"/>
      </symbol>
      <symbol id="sm-87b">
         <name>__mspabi_remi</name>
         <value>0x11e02</value>
         <object_component_ref idref="oc-942"/>
      </symbol>
      <symbol id="sm-87c">
         <name>__mspabi_divi</name>
         <value>0x11e02</value>
         <object_component_ref idref="oc-942"/>
      </symbol>
      <symbol id="sm-888">
         <name>__mspabi_remli</name>
         <value>0x11bf4</value>
         <object_component_ref idref="oc-937"/>
      </symbol>
      <symbol id="sm-889">
         <name>__mspabi_divli</name>
         <value>0x11bf4</value>
         <object_component_ref idref="oc-937"/>
      </symbol>
      <symbol id="sm-893">
         <name>__mspabi_remu</name>
         <value>0x11efe</value>
         <object_component_ref idref="oc-95e"/>
      </symbol>
      <symbol id="sm-894">
         <name>__mspabi_divu</name>
         <value>0x11efe</value>
         <object_component_ref idref="oc-95e"/>
      </symbol>
      <symbol id="sm-8a2">
         <name>__mspabi_remul</name>
         <value>0x119d4</value>
         <object_component_ref idref="oc-6f4"/>
      </symbol>
      <symbol id="sm-8a3">
         <name>__mspabi_divul</name>
         <value>0x119d4</value>
         <object_component_ref idref="oc-6f4"/>
      </symbol>
      <symbol id="sm-8b2">
         <name>__mspabi_fixful</name>
         <value>0x11ad2</value>
         <object_component_ref idref="oc-6ee"/>
      </symbol>
      <symbol id="sm-8be">
         <name>__mspabi_fltulf</name>
         <value>0x11d1e</value>
         <object_component_ref idref="oc-6de"/>
      </symbol>
      <symbol id="sm-8d5">
         <name>__mspabi_mpyf</name>
         <value>0x114ac</value>
         <object_component_ref idref="oc-6e9"/>
      </symbol>
      <symbol id="sm-8e3">
         <name>__mspabi_slli</name>
         <value>0x11fe2</value>
         <object_component_ref idref="oc-8e8"/>
      </symbol>
      <symbol id="sm-8ed">
         <name>__mspabi_srli</name>
         <value>0x11fec</value>
         <object_component_ref idref="oc-8dd"/>
      </symbol>
      <symbol id="sm-8f5">
         <name>__mspabi_srll_8</name>
         <value>0x11c50</value>
         <object_component_ref idref="oc-698"/>
      </symbol>
      <symbol id="sm-8f6">
         <name>__mspabi_srll_9</name>
         <value>0x11c4c</value>
         <object_component_ref idref="oc-698"/>
      </symbol>
      <symbol id="sm-8f7">
         <name>__mspabi_srll_6</name>
         <value>0x11c58</value>
         <object_component_ref idref="oc-698"/>
      </symbol>
      <symbol id="sm-8f8">
         <name>__mspabi_srll_7</name>
         <value>0x11c54</value>
         <object_component_ref idref="oc-698"/>
      </symbol>
      <symbol id="sm-8f9">
         <name>__mspabi_srll_4</name>
         <value>0x11c60</value>
         <object_component_ref idref="oc-698"/>
      </symbol>
      <symbol id="sm-8fa">
         <name>__mspabi_srll_5</name>
         <value>0x11c5c</value>
         <object_component_ref idref="oc-698"/>
      </symbol>
      <symbol id="sm-8fb">
         <name>__mspabi_srll_2</name>
         <value>0x11c68</value>
         <object_component_ref idref="oc-698"/>
      </symbol>
      <symbol id="sm-8fc">
         <name>__mspabi_srll_3</name>
         <value>0x11c64</value>
         <object_component_ref idref="oc-698"/>
      </symbol>
      <symbol id="sm-8fd">
         <name>__mspabi_srll_1</name>
         <value>0x11c6c</value>
         <object_component_ref idref="oc-698"/>
      </symbol>
      <symbol id="sm-8fe">
         <name>__mspabi_srll_15</name>
         <value>0x11c34</value>
         <object_component_ref idref="oc-698"/>
      </symbol>
      <symbol id="sm-8ff">
         <name>__mspabi_srll_14</name>
         <value>0x11c38</value>
         <object_component_ref idref="oc-698"/>
      </symbol>
      <symbol id="sm-900">
         <name>__mspabi_srll_13</name>
         <value>0x11c3c</value>
         <object_component_ref idref="oc-698"/>
      </symbol>
      <symbol id="sm-901">
         <name>__mspabi_srll_12</name>
         <value>0x11c40</value>
         <object_component_ref idref="oc-698"/>
      </symbol>
      <symbol id="sm-902">
         <name>__mspabi_srll_11</name>
         <value>0x11c44</value>
         <object_component_ref idref="oc-698"/>
      </symbol>
      <symbol id="sm-903">
         <name>__mspabi_srll_10</name>
         <value>0x11c48</value>
         <object_component_ref idref="oc-698"/>
      </symbol>
      <symbol id="sm-914">
         <name>_c_int00_noargs_mpu</name>
         <value>0x456c</value>
         <object_component_ref idref="oc-664"/>
      </symbol>
      <symbol id="sm-915">
         <name>_stack</name>
         <value>0x2360</value>
         <object_component_ref idref="oc-60d"/>
      </symbol>
      <symbol id="sm-916">
         <name>_reset_vector</name>
         <value>0xfffe</value>
         <object_component_ref idref="oc-610"/>
      </symbol>
      <symbol id="sm-91f">
         <name>__mpu_init</name>
         <value>0x11dd6</value>
         <object_component_ref idref="oc-6c3"/>
      </symbol>
      <symbol id="sm-943">
         <name>__TI_auto_init_nobinit_nopinit_hold_wdt</name>
         <value>0x11a2c</value>
         <object_component_ref idref="oc-759"/>
      </symbol>
      <symbol id="sm-94c">
         <name>_system_post_cinit</name>
         <value>0x1200c</value>
         <object_component_ref idref="oc-87a"/>
      </symbol>
      <symbol id="sm-955">
         <name>_system_pre_init</name>
         <value>0x12008</value>
         <object_component_ref idref="oc-6ab"/>
      </symbol>
      <symbol id="sm-961">
         <name>C$$EXIT</name>
         <value>0x12002</value>
         <object_component_ref idref="oc-735"/>
      </symbol>
      <symbol id="sm-962">
         <name>abort</name>
         <value>0x12002</value>
         <object_component_ref idref="oc-735"/>
      </symbol>
      <symbol id="sm-972">
         <name>memcpy</name>
         <value>0x11f28</value>
         <object_component_ref idref="oc-61c"/>
      </symbol>
      <symbol id="sm-9e7">
         <name>powf</name>
         <value>0x10000</value>
         <object_component_ref idref="oc-6e3"/>
      </symbol>
      <symbol id="sm-a02">
         <name>__mspabi_subf</name>
         <value>0x110ea</value>
         <object_component_ref idref="oc-781"/>
      </symbol>
      <symbol id="sm-a03">
         <name>__mspabi_addf</name>
         <value>0x110f0</value>
         <object_component_ref idref="oc-781"/>
      </symbol>
      <symbol id="sm-a13">
         <name>__mspabi_cmpf</name>
         <value>0x11b1e</value>
         <object_component_ref idref="oc-7a4"/>
      </symbol>
      <symbol id="sm-a25">
         <name>__mspabi_divf</name>
         <value>0x116a2</value>
         <object_component_ref idref="oc-790"/>
      </symbol>
      <symbol id="sm-a34">
         <name>__mspabi_fltlif</name>
         <value>0x11b68</value>
         <object_component_ref idref="oc-799"/>
      </symbol>
      <symbol id="sm-a3d">
         <name>__mspabi_negf</name>
         <value>0x11fd8</value>
         <object_component_ref idref="oc-7b2"/>
      </symbol>
      <symbol id="sm-a47">
         <name>__mspabi_slll</name>
         <value>0x11f94</value>
         <object_component_ref idref="oc-78b"/>
      </symbol>
      <symbol id="sm-a51">
         <name>__mspabi_sral</name>
         <value>0x11f84</value>
         <object_component_ref idref="oc-786"/>
      </symbol>
      <symbol id="sm-a58">
         <name>errno</name>
         <value>0x1c3c</value>
         <object_component_ref idref="oc-7a9"/>
      </symbol>
      <symbol id="sm-a7b">
         <name>scalbnf</name>
         <value>0x1121c</value>
         <object_component_ref idref="oc-7ac"/>
      </symbol>
      <symbol id="sm-a7c">
         <name>ldexpf</name>
         <value>0x1121c</value>
         <object_component_ref idref="oc-7ac"/>
      </symbol>
      <symbol id="sm-a85">
         <name>copysignf</name>
         <value>0x11f60</value>
         <object_component_ref idref="oc-8aa"/>
      </symbol>
      <symbol id="sm-a96">
         <name>sqrtf</name>
         <value>0x10fb2</value>
         <object_component_ref idref="oc-795"/>
      </symbol>
      <symbol id="sm-a9a">
         <name>msp430_calc_sqrt</name>
         <value>0x113e0</value>
         <object_component_ref idref="oc-89f"/>
      </symbol>
      <symbol id="sm-a9d">
         <name>msp430_sqrt_lookup</name>
         <value>0x4594</value>
         <object_component_ref idref="oc-929"/>
      </symbol>
   </symbol_table>
   <title>Link successful</title>
</link_info>
